Component: ARM Compiler 5.06 update 4 (build 422) Tool: armlink [4d35d2]

==============================================================================

Section Cross References

    main.o(.text) refers to _printf_pad.o(.text) for _printf_pre_padding
    main.o(.text) refers to _printf_percent.o(.ARM.Collect$$_printf_percent$$00000000) for _printf_percent
    main.o(.text) refers to _printf_x.o(.ARM.Collect$$_printf_percent$$0000000C) for _printf_x
    main.o(.text) refers to _printf_hex_int.o(.text) for _printf_longlong_hex
    main.o(.text) refers to delay.o(.text) for delay_init
    main.o(.text) refers to usart.o(.text) for uart_init
    main.o(.text) refers to led.o(.text) for LED_Init
    main.o(.text) refers to lcd.o(.text) for LCD_Init
    main.o(.text) refers to key.o(.text) for KEY_Init
    main.o(.text) refers to adc.o(.text) for Adc_Init
    main.o(.text) refers to dac.o(.text) for Dac1_Init
    main.o(.text) refers to noretval__2sprintf.o(.text) for __2sprintf
    main.o(.text) refers to misc.o(.text) for NVIC_PriorityGroupConfig
    main.o(.text) refers to timer.o(.text) for TIM3_Int_Init
    main.o(.text) refers to lcd.o(.data) for POINT_COLOR
    main.o(.text) refers to lcd.o(.bss) for lcddev
    system_stm32f10x.o(.text) refers to system_stm32f10x.o(.data) for SystemCoreClock
    led.o(.text) refers to stm32f10x_rcc.o(.text) for RCC_APB2PeriphClockCmd
    led.o(.text) refers to stm32f10x_gpio.o(.text) for GPIO_Init
    key.o(.text) refers to stm32f10x_rcc.o(.text) for RCC_APB2PeriphClockCmd
    key.o(.text) refers to stm32f10x_gpio.o(.text) for GPIO_Init
    key.o(.text) refers to delay.o(.text) for delay_ms
    key.o(.text) refers to key.o(.data) for key_up
    lcd.o(.text) refers to _printf_percent.o(.ARM.Collect$$_printf_percent$$00000000) for _printf_percent
    lcd.o(.text) refers to _printf_x.o(.ARM.Collect$$_printf_percent$$0000000C) for _printf_x
    lcd.o(.text) refers to _printf_hex_int.o(.text) for _printf_longlong_hex
    lcd.o(.text) refers to delay.o(.text) for delay_us
    lcd.o(.text) refers to lcd.o(.bss) for lcddev
    lcd.o(.text) refers to lcd.o(.data) for POINT_COLOR
    lcd.o(.text) refers to dflt_clz.o(x$fpl$dfltu) for __aeabi_ui2d
    lcd.o(.text) refers to dmul.o(x$fpl$dmul) for __aeabi_dmul
    lcd.o(.text) refers to dfixu.o(x$fpl$dfixu) for __aeabi_d2uiz
    lcd.o(.text) refers to stm32f10x_rcc.o(.text) for RCC_AHBPeriphClockCmd
    lcd.o(.text) refers to stm32f10x_gpio.o(.text) for GPIO_Init
    lcd.o(.text) refers to stm32f10x_fsmc.o(.text) for FSMC_NORSRAMInit
    lcd.o(.text) refers to noretval__2printf.o(.text) for __2printf
    lcd.o(.text) refers to lcd.o(.constdata) for asc2_1206
    beep.o(.text) refers to stm32f10x_rcc.o(.text) for RCC_APB2PeriphClockCmd
    beep.o(.text) refers to stm32f10x_gpio.o(.text) for GPIO_Init
    timer.o(.text) refers to stm32f10x_rcc.o(.text) for RCC_APB1PeriphClockCmd
    timer.o(.text) refers to stm32f10x_tim.o(.text) for TIM_TimeBaseInit
    timer.o(.text) refers to misc.o(.text) for NVIC_Init
    timer.o(.text) refers to stm32f10x_dac.o(.text) for DAC_SetChannel1Data
    timer.o(.text) refers to adc.o(.text) for Get_Adc_Average
    timer.o(.text) refers to timer.o(.data) for Global_lcd_x
    timer.o(.text) refers to dflt_clz.o(x$fpl$dflt) for __aeabi_i2d
    timer.o(.text) refers to dfix.o(x$fpl$dfix) for __aeabi_d2iz
    timer.o(.text) refers to dmul.o(x$fpl$dmul) for __aeabi_dmul
    timer.o(.text) refers to sin.o(i.sin) for sin
    timer.o(.text) refers to key.o(.text) for KEY_Scan
    timer.o(.text) refers to lcd.o(.text) for LCD_Clear
    exti.o(.text) refers to key.o(.text) for KEY_Init
    exti.o(.text) refers to stm32f10x_rcc.o(.text) for RCC_APB2PeriphClockCmd
    exti.o(.text) refers to stm32f10x_gpio.o(.text) for GPIO_EXTILineConfig
    exti.o(.text) refers to stm32f10x_exti.o(.text) for EXTI_Init
    exti.o(.text) refers to misc.o(.text) for NVIC_Init
    adc.o(.text) refers to stm32f10x_rcc.o(.text) for RCC_APB2PeriphClockCmd
    adc.o(.text) refers to stm32f10x_gpio.o(.text) for GPIO_Init
    adc.o(.text) refers to stm32f10x_adc.o(.text) for ADC_DeInit
    adc.o(.text) refers to delay.o(.text) for delay_ms
    dac.o(.text) refers to stm32f10x_rcc.o(.text) for RCC_APB2PeriphClockCmd
    dac.o(.text) refers to stm32f10x_gpio.o(.text) for GPIO_Init
    dac.o(.text) refers to stm32f10x_dac.o(.text) for DAC_Init
    dac.o(.text) refers to fflt_clz.o(x$fpl$ffltu) for __aeabi_ui2f
    dac.o(.text) refers to fdiv.o(x$fpl$fdiv) for __aeabi_fdiv
    dac.o(.text) refers to fmul.o(x$fpl$fmul) for __aeabi_fmul
    dac.o(.text) refers to f2d.o(x$fpl$f2d) for __aeabi_f2d
    dac.o(.text) refers to ddiv.o(x$fpl$ddiv) for __aeabi_ddiv
    dac.o(.text) refers to d2f.o(x$fpl$d2f) for __aeabi_d2f
    dac.o(.text) refers to ffixu.o(x$fpl$ffixu) for __aeabi_f2uiz
    delay.o(.text) refers to misc.o(.text) for SysTick_CLKSourceConfig
    delay.o(.text) refers to system_stm32f10x.o(.data) for SystemCoreClock
[...]
    .ARM.Collect$$libinit$$00000033          0x080001b0   Section        2  libinit2.o(.ARM.Collect$$libinit$$00000033)
    .ARM.Collect$$libshutdown$$00000000      0x080001b2   Section        2  libshutdown.o(.ARM.Collect$$libshutdown$$00000000)
    .ARM.Collect$$libshutdown$$00000002      0x080001b4   Section        0  libshutdown2.o(.ARM.Collect$$libshutdown$$00000002)
    .ARM.Collect$$libshutdown$$00000004      0x080001b4   Section        0  libshutdown2.o(.ARM.Collect$$libshutdown$$00000004)
    .ARM.Collect$$libshutdown$$00000007      0x080001b4   Section        0  libshutdown2.o(.ARM.Collect$$libshutdown$$00000007)
    .ARM.Collect$$libshutdown$$0000000A      0x080001b4   Section        0  libshutdown2.o(.ARM.Collect$$libshutdown$$0000000A)
    .ARM.Collect$$libshutdown$$0000000C      0x080001b4   Section        0  libshutdown2.o(.ARM.Collect$$libshutdown$$0000000C)
    .ARM.Collect$$libshutdown$$0000000F      0x080001b4   Section        0  libshutdown2.o(.ARM.Collect$$libshutdown$$0000000F)
    .ARM.Collect$$libshutdown$$00000010      0x080001b4   Section        2  libshutdown2.o(.ARM.Collect$$libshutdown$$00000010)
    .ARM.Collect$$rtentry$$00000000          0x080001b6   Section        0  __rtentry.o(.ARM.Collect$$rtentry$$00000000)
    .ARM.Collect$$rtentry$$00000002          0x080001b6   Section        0  __rtentry2.o(.ARM.Collect$$rtentry$$00000002)
    .ARM.Collect$$rtentry$$00000004          0x080001b6   Section        6  __rtentry4.o(.ARM.Collect$$rtentry$$00000004)
    .ARM.Collect$$rtentry$$00000009          0x080001bc   Section        0  __rtentry2.o(.ARM.Collect$$rtentry$$00000009)
    .ARM.Collect$$rtentry$$0000000A          0x080001bc   Section        4  __rtentry2.o(.ARM.Collect$$rtentry$$0000000A)
    .ARM.Collect$$rtentry$$0000000C          0x080001c0   Section        0  __rtentry2.o(.ARM.Collect$$rtentry$$0000000C)
    .ARM.Collect$$rtentry$$0000000D          0x080001c0   Section        8  __rtentry2.o(.ARM.Collect$$rtentry$$0000000D)
    .ARM.Collect$$rtexit$$00000000           0x080001c8   Section        2  rtexit.o(.ARM.Collect$$rtexit$$00000000)
    .ARM.Collect$$rtexit$$00000002           0x080001ca   Section        0  rtexit2.o(.ARM.Collect$$rtexit$$00000002)
    .ARM.Collect$$rtexit$$00000003           0x080001ca   Section        4  rtexit2.o(.ARM.Collect$$rtexit$$00000003)
    .ARM.Collect$$rtexit$$00000004           0x080001ce   Section        6  rtexit2.o(.ARM.Collect$$rtexit$$00000004)
    .text                                    0x080001d4   Section        0  main.o(.text)
    .text                                    0x08000244   Section        0  stm32f10x_it.o(.text)
    .text                                    0x08000260   Section        0  system_stm32f10x.o(.text)
    SetSysClockTo72                          0x08000261   Thumb Code   214  system_stm32f10x.o(.text)
    SetSysClock                              0x08000337   Thumb Code     8  system_stm32f10x.o(.text)
    .text                                    0x08000440   Section        0  led.o(.text)
    .text                                    0x0800048c   Section        0  key.o(.text)
    .text                                    0x08000588   Section        0  lcd.o(.text)
    .text                                    0x08004fe4   Section        0  timer.o(.text)
    .text                                    0x08005764   Section        0  adc.o(.text)
    .text                                    0x0800584c   Section        0  dac.o(.text)
    .text                                    0x08005958   Section        0  delay.o(.text)
    .text                                    0x08005a2c   Section        0  usart.o(.text)
    .text                                    0x08005bfc   Section       64  startup_stm32f10x_hd.o(.text)
    .text                                    0x08005c3c   Section        0  misc.o(.text)
    .text                                    0x08005d18   Section        0  stm32f10x_fsmc.o(.text)
    .text                                    0x08006324   Section        0  stm32f10x_gpio.o(.text)
    .text                                    0x08006680   Section        0  stm32f10x_rcc.o(.text)
    .text                                    0x08006a24   Section        0  stm32f10x_usart.o(.text)
    .text                                    0x08006e2c   Section        0  stm32f10x_tim.o(.text)
    TI4_Config                               0x080072d3   Thumb Code   130  stm32f10x_tim.o(.text)
    TI3_Config                               0x08007367   Thumb Code   122  stm32f10x_tim.o(.text)
    TI2_Config                               0x080073fb   Thumb Code   130  stm32f10x_tim.o(.text)
    TI1_Config                               0x0800748f   Thumb Code   108  stm32f10x_tim.o(.text)
    .text                                    0x08007c48   Section        0  stm32f10x_adc.o(.text)
    .text                                    0x08008098   Section        0  stm32f10x_dac.o(.text)
    .text                                    0x08008224   Section        2  use_no_semi_2.o(.text)
    .text                                    0x08008228   Section        0  noretval__2printf.o(.text)
    .text                                    0x08008240   Section        0  noretval__2sprintf.o(.text)
    .text                                    0x08008268   Section        0  _printf_pad.o(.text)
    .text                                    0x080082b8   Section        0  _printf_hex_int.o(.text)
    .text                                    0x08008310   Section        0  __printf_flags_wp.o(.text)
    .text                                    0x08008448   Section        0  heapauxi.o(.text)
    .text                                    0x0800844e   Section        2  use_no_semi.o(.text)
    .text                                    0x08008450   Section        0  _rserrno.o(.text)
    .text                                    0x08008466   Section        0  _printf_intcommon.o(.text)
    .text                                    0x08008518   Section        0  _printf_char_common.o(.text)
    _printf_input_char                       0x08008519   Thumb Code    10  _printf_char_common.o(.text)
    .text                                    0x08008548   Section        0  _sputc.o(.text)
    .text                                    0x08008554   Section        0  _printf_char_file.o(.text)
    .text                                    0x08008578   Section        8  rt_errno_addr_intlibspace.o(.text)
    .text                                    0x08008580   Section        0  ferror.o(.text)
    .text                                    0x08008588   Section        8  libspace.o(.text)
    .text                                    0x08008590   Section       74  sys_stackheap_outer.o(.text)
    .text                                    0x080085da   Section        0  exit.o(.text)
    i.__ARM_fpclassify                       0x080085ec   Section        0  fpclassify.o(i.__ARM_fpclassify)
    i.__ieee754_rem_pio2                     0x08008614   Section        0  rred.o(i.__ieee754_rem_pio2)
    i.__kernel_cos                           0x0800899c   Section        0  cos_i.o(i.__kernel_cos)
    i.__kernel_poly                          0x08008a98   Section        0  poly.o(i.__kernel_poly)
    i.__kernel_sin                           0x08008b44   Section        0  sin_i.o(i.__kernel_sin)
    i.__mathlib_dbl_infnan                   0x08008c30   Section        0  dunder.o(i.__mathlib_dbl_infnan)
    i.__mathlib_dbl_invalid                  0x08008c36   Section        0  dunder.o(i.__mathlib_dbl_invalid)
    i.__mathlib_dbl_underflow                0x08008c44   Section        0  dunder.o(i.__mathlib_dbl_underflow)
    i._is_digit                              0x08008c54   Section        0  __printf_wp.o(i._is_digit)
    i.sin                                    0x08008c64   Section        0  sin.o(i.sin)
    x$fpl$d2f                                0x08008d04   Section       98  d2f.o(x$fpl$d2f)
    x$fpl$dadd                               0x08008d68   Section      336  daddsub_clz.o(x$fpl$dadd)
    _dadd1                                   0x08008d79   Thumb Code     0  daddsub_clz.o(x$fpl$dadd)
    x$fpl$dcheck1                            0x08008eb8   Section       16  dcheck1.o(x$fpl$dcheck1)
    x$fpl$ddiv                               0x08008ec8   Section      688  ddiv.o(x$fpl$ddiv)
    ddiv_entry                               0x08008ecf   Thumb Code     0  ddiv.o(x$fpl$ddiv)
    x$fpl$dfix                               0x08009178   Section       94  dfix.o(x$fpl$dfix)
    x$fpl$dfixu                              0x080091d8   Section       90  dfixu.o(x$fpl$dfixu)
    x$fpl$dflt                               0x08009232   Section       46  dflt_clz.o(x$fpl$dflt)
    x$fpl$dfltu                              0x08009260   Section       38  dflt_clz.o(x$fpl$dfltu)
    x$fpl$dmul                               0x08009288   Section      340  dmul.o(x$fpl$dmul)
    x$fpl$dnaninf                            0x080093dc   Section      156  dnaninf.o(x$fpl$dnaninf)
    x$fpl$dretinf                            0x08009478   Section       12  dretinf.o(x$fpl$dretinf)
    x$fpl$drsb                               0x08009484   Section       22  daddsub_clz.o(x$fpl$drsb)
    x$fpl$dsub                               0x0800949c   Section      468  daddsub_clz.o(x$fpl$dsub)
    _dsub1                                   0x080094ad   Thumb Code     0  daddsub_clz.o(x$fpl$dsub)
    x$fpl$f2d                                0x08009670   Section       86  f2d.o(x$fpl$f2d)
    x$fpl$fdiv                               0x080096c8   Section      388  fdiv.o(x$fpl$fdiv)
    _fdiv1                                   0x080096c9   Thumb Code     0  fdiv.o(x$fpl$fdiv)
    x$fpl$ffixu                              0x0800984c   Section       62  ffixu.o(x$fpl$ffixu)
    x$fpl$ffltu                              0x0800988c   Section       38  fflt_clz.o(x$fpl$ffltu)
    x$fpl$fmul                               0x080098b4   Section      258  fmul.o(x$fpl$fmul)
    x$fpl$fnaninf                            0x080099b6   Section      140  fnaninf.o(x$fpl$fnaninf)
    x$fpl$fretinf                            0x08009a42   Section       10  fretinf.o(x$fpl$fretinf)
    x$fpl$retnan                             0x08009a4c   Section      100  retnan.o(x$fpl$retnan)
    x$fpl$scalbn                             0x08009ab0   Section       92  scalbn.o(x$fpl$scalbn)
    x$fpl$trapveneer                         0x08009b0c   Section       48  trapv.o(x$fpl$trapveneer)
    .constdata                               0x08009b3c   Section     6080  lcd.o(.constdata)
    x$fpl$usenofp                            0x08009b3c   Section        0  usenofp.o(x$fpl$usenofp)
    .constdata                               0x0800b2fc   Section       40  _printf_hex_int.o(.constdata)
    uc_hextab                                0x0800b2fc   Data          20  _printf_hex_int.o(.constdata)
    lc_hextab                                0x0800b310   Data          20  _printf_hex_int.o(.constdata)
    .constdata                               0x0800b324   Section       17  __printf_flags_wp.o(.constdata)
    maptable                                 0x0800b324   Data          17  __printf_flags_wp.o(.constdata)
    .constdata                               0x0800b338   Section       48  cos_i.o(.constdata)
    C                                        0x0800b338   Data          48  cos_i.o(.constdata)
    .constdata                               0x0800b368   Section      200  rred.o(.constdata)
    pio2s                                    0x0800b368   Data          48  rred.o(.constdata)
    twooverpi                                0x0800b398   Data         152  rred.o(.constdata)
    .constdata                               0x0800b430   Section       40  sin_i.o(.constdata)
    S                                        0x0800b430   Data          40  sin_i.o(.constdata)
    .data                                    0x20000000   Section        4  main.o(.data)
    .data                                    0x20000004   Section       20  system_stm32f10x.o(.data)
    .data                                    0x20000018   Section        1  key.o(.data)
    key_up                                   0x20000018   Data           1  key.o(.data)
    .data                                    0x2000001a   Section        4  lcd.o(.data)
    .data                                    0x20000020   Section       80  timer.o(.data)
    .data                                    0x20000070   Section        4  delay.o(.data)
    fac_us                                   0x20000070   Data           1  delay.o(.data)
    fac_ms                                   0x20000072   Data           2  delay.o(.data)
    .data                                    0x20000074   Section       16  usart.o(.data)
    i                                        0x20000080   Data           4  usart.o(.data)
    .data                                    0x20000084   Section       20  stm32f10x_rcc.o(.data)
    APBAHBPrescTable                         0x20000084   Data          16  stm32f10x_rcc.o(.data)
    ADCPrescTable                            0x20000094   Data           4  stm32f10x_rcc.o(.data)
    .bss                                     0x20000098   Section       14  lcd.o(.bss)
    .bss                                     0x200000a8   Section       96  libspace.o(.bss)
    HEAP                                     0x20000108   Section      512  startup_stm32f10x_hd.o(HEAP)
    Heap_Mem                                 0x20000108   Data         512  startup_stm32f10x_hd.o(HEAP)
    STACK                                    0x20000308   Section     1024  startup_stm32f10x_hd.o(STACK)
    Stack_Mem                                0x20000308   Data        1024  startup_stm32f10x_hd.o(STACK)
    __initial_sp                             0x20000708   Data           0  startup_stm32f10x_hd.o(STACK)

    Global Symbols

    Symbol Name                              Value     Ov Type        Size  Object(Section)

    BuildAttributes$$THM_ISAv4$P$D$K$B$S$PE$A:L22UL41UL21$X:L11$S22US41US21$IEEE1$IW$USESV6$~STKCKD$USESV7$~SHL$OTIME$ROPI$IEEEX$EBA8$UX$STANDARDLIB$REQ8$PRES8$EABIv2 0x00000000   Number         0  anon$$obj.o ABSOLUTE
    __ARM_use_no_argv                        0x00000000   Number         0  main.o ABSOLUTE
    _printf_flags                            0x00000000   Number         0  printf_stubs.o ABSOLUTE
    _printf_return_value                     0x00000000   Number         0  printf_stubs.o ABSOLUTE
    _printf_sizespec                         0x00000000   Number         0  printf_stubs.o ABSOLUTE
    _printf_widthprec                        0x00000000   Number         0  printf_stubs.o ABSOLUTE
    __ARM_exceptions_init                     - Undefined Weak Reference
    __alloca_initialize                       - Undefined Weak Reference
    __arm_preinit_                            - Undefined Weak Reference
    __cpp_initialize__aeabi_                  - Undefined Weak Reference
    __cxa_finalize                            - Undefined Weak Reference
    __rt_locale                               - Undefined Weak Reference
    __sigvec_lookup                           - Undefined Weak Reference
    _atexit_init                              - Undefined Weak Reference
    _call_atexit_fns                          - Undefined Weak Reference
    _clock_init                               - Undefined Weak Reference
    _fp_trap_init                             - Undefined Weak Reference
    _fp_trap_shutdown                         - Undefined Weak Reference
    _get_lc_collate                           - Undefined Weak Reference
    _get_lc_ctype                             - Undefined Weak Reference
    _get_lc_monetary                          - Undefined Weak Reference
    _get_lc_numeric                           - Undefined Weak Reference
    _get_lc_time                              - Undefined Weak Reference
    _getenv_init                              - Undefined Weak Reference
    _handle_redirection                       - Undefined Weak Reference
    _init_alloc                               - Undefined Weak Reference
    _init_user_alloc                          - Undefined Weak Reference
    _initio                                   - Undefined Weak Reference
    _mutex_acquire                            - Undefined Weak Reference
    _mutex_release                            - Undefined Weak Reference
    _printf_truncate_unsigned                 - Undefined Weak Reference
    _rand_init                                - Undefined Weak Reference
    _signal_finish                            - Undefined Weak Reference
    _signal_init                              - Undefined Weak Reference
    _terminate_alloc                          - Undefined Weak Reference
    _terminate_user_alloc                     - Undefined Weak Reference
    _terminateio                              - Undefined Weak Reference
    __Vectors_Size                           0x00000130   Number         0  startup_stm32f10x_hd.o ABSOLUTE
    __Vectors                                0x08000000   Data           4  startup_stm32f10x_hd.o(RESET)
    __Vectors_End                            0x08000130   Data           0  startup_stm32f10x_hd.o(RESET)
    __main                                   0x08000131   Thumb Code     8  __main.o(!!!main)
    __scatterload                            0x08000139   Thumb Code     0  __scatter.o(!!!scatter)
    __scatterload_rt2                        0x08000139   Thumb Code    44  __scatter.o(!!!scatter)
    __scatterload_rt2_thumb_only             0x08000139   Thumb Code     0  __scatter.o(!!!scatter)
    __scatterload_null                       0x08000147   Thumb Code     0  __scatter.o(!!!scatter)
    __scatterload_copy                       0x0800016d   Thumb Code    26  __scatter_copy.o(!!handler_copy)
    __scatterload_zeroinit                   0x08000189   Thumb Code    28  __scatter_zi.o(!!handler_zi)
    _printf_percent                          0x080001a5   Thumb Code     0  _printf_percent.o(.ARM.Collect$$_printf_percent$$00000000)
    _printf_x                                0x080001a5   Thumb Code     0  _printf_x.o(.ARM.Collect$$_printf_percent$$0000000C)
    _printf_percent_end                      0x080001ab   Thumb Code     0  _printf_percent_end.o(.ARM.Collect$$_printf_percent$$00000017)
    __rt_lib_init                            0x080001af   Thumb Code     0  libinit.o(.ARM.Collect$$libinit$$00000000)
    __rt_lib_init_alloca_1                   0x080001b1   Thumb Code     0  libinit2.o(.ARM.Collect$$libinit$$0000002E)
    __rt_lib_init_argv_1                     0x080001b1   Thumb Code     0  libinit2.o(.ARM.Collect$$libinit$$0000002C)
    __rt_lib_init_atexit_1                   0x080001b1   Thumb Code     0  libinit2.o(.ARM.Collect$$libinit$$0000001B)
    __rt_lib_init_clock_1                    0x080001b1   Thumb Code     0  libinit2.o(.ARM.Collect$$libinit$$00000021)
    __rt_lib_init_cpp_1                      0x080001b1   Thumb Code     0  libinit2.o(.ARM.Collect$$libinit$$00000032)
    __rt_lib_init_exceptions_1               0x080001b1   Thumb Code     0  libinit2.o(.ARM.Collect$$libinit$$00000030)
    __rt_lib_init_fp_1                       0x080001b1   Thumb Code     0  libinit2.o(.ARM.Collect$$libinit$$00000002)
    __rt_lib_init_fp_trap_1                  0x080001b1   Thumb Code     0  libinit2.o(.ARM.Collect$$libinit$$0000001F)
    __rt_lib_init_getenv_1                   0x080001b1   Thumb Code     0  libinit2.o(.ARM.Collect$$libinit$$00000023)
    __rt_lib_init_heap_1                     0x080001b1   Thumb Code     0  libinit2.o(.ARM.Collect$$libinit$$0000000A)
    __rt_lib_init_lc_collate_1               0x080001b1   Thumb Code     0  libinit2.o(.ARM.Collect$$libinit$$00000011)
    __rt_lib_init_lc_ctype_1                 0x080001b1   Thumb Code     0  libinit2.o(.ARM.Collect$$libinit$$00000013)
    __rt_lib_init_lc_monetary_1              0x080001b1   Thumb Code     0  libinit2.o(.ARM.Collect$$libinit$$00000015)
    __rt_lib_init_lc_numeric_1               0x080001b1   Thumb Code     0  libinit2.o(.ARM.Collect$$libinit$$00000017)
    __rt_lib_init_lc_time_1                  0x080001b1   Thumb Code     0  libinit2.o(.ARM.Collect$$libinit$$00000019)
    __rt_lib_init_preinit_1                  0x080001b1   Thumb Code     0  libinit2.o(.ARM.Collect$$libinit$$00000004)
    __rt_lib_init_rand_1                     0x080001b1   Thumb Code     0  libinit2.o(.ARM.Collect$$libinit$$0000000E)
    __rt_lib_init_return                     0x080001b1   Thumb Code     0  libinit2.o(.ARM.Collect$$libinit$$00000033)
    __rt_lib_init_signal_1                   0x080001b1   Thumb Code     0  libinit2.o(.ARM.Collect$$libinit$$0000001D)
    __rt_lib_init_stdio_1                    0x080001b1   Thumb Code     0  libinit2.o(.ARM.Collect$$libinit$$00000025)
    __rt_lib_init_user_alloc_1               0x080001b1   Thumb Code     0  libinit2.o(.ARM.Collect$$libinit$$0000000C)
    __rt_lib_shutdown                        0x080001b3   Thumb Code     0  libshutdown.o(.ARM.Collect$$libshutdown$$00000000)
    __rt_lib_shutdown_cpp_1                  0x080001b5   Thumb Code     0  libshutdown2.o(.ARM.Collect$$libshutdown$$00000002)
    __rt_lib_shutdown_fp_trap_1              0x080001b5   Thumb Code     0  libshutdown2.o(.ARM.Collect$$libshutdown$$00000007)
    __rt_lib_shutdown_heap_1                 0x080001b5   Thumb Code     0  libshutdown2.o(.ARM.Collect$$libshutdown$$0000000F)
    __rt_lib_shutdown_return                 0x080001b5   Thumb Code     0  libshutdown2.o(.ARM.Collect$$libshutdown$$00000010)
    __rt_lib_shutdown_signal_1               0x080001b5   Thumb Code     0  libshutdown2.o(.ARM.Collect$$libshutdown$$0000000A)
    __rt_lib_shutdown_stdio_1                0x080001b5   Thumb Code     0  libshutdown2.o(.ARM.Collect$$libshutdown$$00000004)
    __rt_lib_shutdown_user_alloc_1           0x080001b5   Thumb Code     0  libshutdown2.o(.ARM.Collect$$libshutdown$$0000000C)
    __rt_entry                               0x080001b7   Thumb Code     0  __rtentry.o(.ARM.Collect$$rtentry$$00000000)
    __rt_entry_presh_1                       0x080001b7   Thumb Code     0  __rtentry2.o(.ARM.Collect$$rtentry$$00000002)
    __rt_entry_sh                            0x080001b7   Thumb Code     0  __rtentry4.o(.ARM.Collect$$rtentry$$00000004)
    __rt_entry_li                            0x080001bd   Thumb Code     0  __rtentry2.o(.ARM.Collect$$rtentry$$0000000A)
    __rt_entry_postsh_1                      0x080001bd   Thumb Code     0  __rtentry2.o(.ARM.Collect$$rtentry$$00000009)
    __rt_entry_main                          0x080001c1   Thumb Code     0  __rtentry2.o(.ARM.Collect$$rtentry$$0000000D)
    __rt_entry_postli_1                      0x080001c1   Thumb Code     0  __rtentry2.o(.ARM.Collect$$rtentry$$0000000C)
    __rt_exit                                0x080001c9   Thumb Code     0  rtexit.o(.ARM.Collect$$rtexit$$00000000)
    __rt_exit_ls                             0x080001cb   Thumb Code     0  rtexit2.o(.ARM.Collect$$rtexit$$00000003)
    __rt_exit_prels_1                        0x080001cb   Thumb Code     0  rtexit2.o(.ARM.Collect$$rtexit$$00000002)
    __rt_exit_exit                           0x080001cf   Thumb Code     0  rtexit2.o(.ARM.Collect$$rtexit$$00000004)
    init                                     0x080001d5   Thumb Code    82  main.o(.text)
    main                                     0x08000227   Thumb Code     8  main.o(.text)
    NMI_Handler                              0x08000245   Thumb Code     2  stm32f10x_it.o(.text)
    HardFault_Handler                        0x08000247   Thumb Code     4  stm32f10x_it.o(.text)
    MemManage_Handler                        0x0800024b   Thumb Code     4  stm32f10x_it.o(.text)
    BusFault_Handler                         0x0800024f   Thumb Code     4  stm32f10x_it.o(.text)
    UsageFault_Handler                       0x08000253   Thumb Code     4  stm32f10x_it.o(.text)
    SVC_Handler                              0x08000257   Thumb Code     2  stm32f10x_it.o(.text)
    DebugMon_Handler                         0x08000259   Thumb Code     2  stm32f10x_it.o(.text)
    PendSV_Handler                           0x0800025b   Thumb Code     2  stm32f10x_it.o(.text)
    SysTick_Handler                          0x0800025d   Thumb Code     2  stm32f10x_it.o(.text)
    SystemInit                               0x0800033f   Thumb Code    78  system_stm32f10x.o(.text)
    SystemCoreClockUpdate                    0x0800038d   Thumb Code   142  system_stm32f10x.o(.text)
    LED_Init                                 0x08000441   Thumb Code    68  led.o(.text)
    KEY_Init                                 0x0800048d   Thumb Code    52  key.o(.text)
    KEY_Scan                                 0x080004c1   Thumb Code   188  key.o(.text)
    LCD_WR_REG                               0x08000589   Thumb Code     6  lcd.o(.text)
    LCD_WR_DATA                              0x0800058f   Thumb Code     8  lcd.o(.text)
    LCD_RD_DATA                              0x08000597   Thumb Code    16  lcd.o(.text)
    LCD_WriteReg                             0x080005a7   Thumb Code    10  lcd.o(.text)
    LCD_ReadReg                              0x080005b1   Thumb Code    22  lcd.o(.text)
    LCD_WriteRAM_Prepare                     0x080005c7   Thumb Code    10  lcd.o(.text)
    LCD_WriteRAM                             0x080005d1   Thumb Code     8  lcd.o(.text)
    LCD_BGR2RGB                              0x080005d9   Thumb Code    26  lcd.o(.text)
    opt_delay                                0x080005f3   Thumb Code    14  lcd.o(.text)
    LCD_SetCursor                            0x08000601   Thumb Code   418  lcd.o(.text)
    LCD_ReadPoint                            0x080007a3   Thumb Code   360  lcd.o(.text)
    LCD_DisplayOn                            0x0800090b   Thumb Code   102  lcd.o(.text)
    LCD_DisplayOff                           0x08000971   Thumb Code    90  lcd.o(.text)
    LCD_Scan_Dir                             0x080009cb   Thumb Code   744  lcd.o(.text)
    LCD_DrawPoint                            0x08000cb3   Thumb Code    28  lcd.o(.text)
    LCD_Fast_DrawPoint                       0x08000ccf   Thumb Code   384  lcd.o(.text)
    LCD_SSD_BackLightSet                     0x08000e4f   Thumb Code    80  lcd.o(.text)
    LCD_Display_Dir                          0x08000e9f   Thumb Code   444  lcd.o(.text)
    LCD_Set_Window                           0x0800105b   Thumb Code   540  lcd.o(.text)
    LCD_Clear                                0x08001277   Thumb Code   100  lcd.o(.text)
    LCD_Init                                 0x080012db   Thumb Code 14190  lcd.o(.text)
    LCD_Fill                                 0x08004a49   Thumb Code   178  lcd.o(.text)
    LCD_Color_Fill                           0x08004afb   Thumb Code   106  lcd.o(.text)
    LCD_DrawLine                             0x08004b65   Thumb Code   176  lcd.o(.text)
    LCD_DrawRectangle                        0x08004c15   Thumb Code    60  lcd.o(.text)
    LCD_Draw_Circle                          0x08004c51   Thumb Code   152  lcd.o(.text)
    LCD_ShowChar                             0x08004ce9   Thumb Code   272  lcd.o(.text)
    LCD_Pow                                  0x08004df9   Thumb Code    22  lcd.o(.text)
    LCD_ShowNum                              0x08004e0f   Thumb Code   148  lcd.o(.text)
    LCD_ShowxNum                             0x08004ea3   Thumb Code   220  lcd.o(.text)
    LCD_ShowString                           0x08004f7f   Thumb Code   102  lcd.o(.text)
    TIM3_Int_Init                            0x08004fe5   Thumb Code    90  timer.o(.text)
    TIM2_Int_Init                            0x0800503f   Thumb Code    92  timer.o(.text)
    triangle_wave_dac                        0x0800509b   Thumb Code   132  timer.o(.text)
    triangle_wave                            0x0800511f   Thumb Code    88  timer.o(.text)
    square_wave_dac                          0x08005177   Thumb Code   378  timer.o(.text)
    square_wave                              0x080052f1   Thumb Code   362  timer.o(.text)
    sin_wave_dac                             0x0800545b   Thumb Code   214  timer.o(.text)
    sin_wave                                 0x08005531   Thumb Code   172  timer.o(.text)
    TIM3_IRQHandler                          0x080055dd   Thumb Code   336  timer.o(.text)
    Adc_Init                                 0x08005765   Thumb Code   132  adc.o(.text)
    Get_Adc                                  0x080057e9   Thumb Code    46  adc.o(.text)
    Get_Adc_Average                          0x08005817   Thumb Code    46  adc.o(.text)
    Dac1_Init                                0x0800584d   Thumb Code    94  dac.o(.text)
    Dac1_Set_Vol                             0x080058ab   Thumb Code    80  dac.o(.text)
    Dac2_Set_Vol                             0x080058fb   Thumb Code    80  dac.o(.text)
    delay_init                               0x08005959   Thumb Code    50  delay.o(.text)
    delay_us                                 0x0800598b   Thumb Code    72  delay.o(.text)
    delay_ms                                 0x080059d3   Thumb Code    72  delay.o(.text)
    _sys_exit                                0x08005a2d   Thumb Code     6  usart.o(.text)
    fputc                                    0x08005a33   Thumb Code    24  usart.o(.text)
    uart_init                                0x08005a4b   Thumb Code   152  usart.o(.text)
    uart2_init                               0x08005ae3   Thumb Code   146  usart.o(.text)
    USART1_IRQHandler                        0x08005b75   Thumb Code   108  usart.o(.text)
    Reset_Handler                            0x08005bfd   Thumb Code     8  startup_stm32f10x_hd.o(.text)
    ADC1_2_IRQHandler                        0x08005c17   Thumb Code     0  startup_stm32f10x_hd.o(.text)
    ADC3_IRQHandler                          0x08005c17   Thumb Code     0  startup_stm32f10x_hd.o(.text)
    CAN1_RX1_IRQHandler                      0x08005c17   Thumb Code     0  startup_stm32f10x_hd.o(.text)
    CAN1_SCE_IRQHandler                      0x08005c17   Thumb Code     0  startup_stm32f10x_hd.o(.text)
    DMA1_Channel1_IRQHandler                 0x08005c17   Thumb Code     0  startup_stm32f10x_hd.o(.text)
    DMA1_Channel2_IRQHandler                 0x08005c17   Thumb Code     0  startup_stm32f10x_hd.o(.text)
    DMA1_Channel3_IRQHandler                 0x08005c17   Thumb Code     0  startup_stm32f10x_hd.o(.text)
    DMA1_Channel4_IRQHandler                 0x08005c17   Thumb Code     0  startup_stm32f10x_hd.o(.text)
    DMA1_Channel5_IRQHandler                 0x08005c17   Thumb Code     0  startup_stm32f10x_hd.o(.text)
    DMA1_Channel6_IRQHandler                 0x08005c17   Thumb Code     0  startup_stm32f10x_hd.o(.text)
    DMA1_Channel7_IRQHandler                 0x08005c17   Thumb Code     0  startup_stm32f10x_hd.o(.text)
    DMA2_Channel1_IRQHandler                 0x08005c17   Thumb Code     0  startup_stm32f10x_hd.o(.text)
    DMA2_Channel2_IRQHandler                 0x08005c17   Thumb Code     0  startup_stm32f10x_hd.o(.text)
    DMA2_Channel3_IRQHandler                 0x08005c17   Thumb Code     0  startup_stm32f10x_hd.o(.text)
    DMA2_Channel4_5_IRQHandler               0x08005c17   Thumb Code     0  startup_stm32f10x_hd.o(.text)
    EXTI0_IRQHandler                         0x08005c17   Thumb Code     0  startup_stm32f10x_hd.o(.text)
    EXTI15_10_IRQHandler                     0x08005c17   Thumb Code     0  startup_stm32f10x_hd.o(.text)
    EXTI1_IRQHandler                         0x08005c17   Thumb Code     0  startup_stm32f10x_hd.o(.text)
    EXTI2_IRQHandler                         0x08005c17   Thumb Code     0  startup_stm32f10x_hd.o(.text)
    EXTI3_IRQHandler                         0x08005c17   Thumb Code     0  startup_stm32f10x_hd.o(.text)
    EXTI4_IRQHandler                         0x08005c17   Thumb Code     0  startup_stm32f10x_hd.o(.text)
    EXTI9_5_IRQHandler                       0x08005c17   Thumb Code     0  startup_stm32f10x_hd.o(.text)
    FLASH_IRQHandler                         0x08005c17   Thumb Code     0  startup_stm32f10x_hd.o(.text)
    FSMC_IRQHandler                          0x08005c17   Thumb Code     0  startup_stm32f10x_hd.o(.text)
    I2C1_ER_IRQHandler                       0x08005c17   Thumb Code     0  startup_stm32f10x_hd.o(.text)
    I2C1_EV_IRQHandler                       0x08005c17   Thumb Code     0  startup_stm32f10x_hd.o(.text)
    I2C2_ER_IRQHandler                       0x08005c17   Thumb Code     0  startup_stm32f10x_hd.o(.text)
    I2C2_EV_IRQHandler                       0x08005c17   Thumb Code     0  startup_stm32f10x_hd.o(.text)
    PVD_IRQHandler                           0x08005c17   Thumb Code     0  startup_stm32f10x_hd.o(.text)
    RCC_IRQHandler                           0x08005c17   Thumb Code     0  startup_stm32f10x_hd.o(.text)
    RTCAlarm_IRQHandler                      0x08005c17   Thumb Code     0  startup_stm32f10x_hd.o(.text)
    RTC_IRQHandler                           0x08005c17   Thumb Code     0  startup_stm32f10x_hd.o(.text)
    SDIO_IRQHandler                          0x08005c17   Thumb Code     0  startup_stm32f10x_hd.o(.text)
    SPI1_IRQHandler                          0x08005c17   Thumb Code     0  startup_stm32f10x_hd.o(.text)
    SPI2_IRQHandler                          0x08005c17   Thumb Code     0  startup_stm32f10x_hd.o(.text)
    SPI3_IRQHandler                          0x08005c17   Thumb Code     0  startup_stm32f10x_hd.o(.text)
    TAMPER_IRQHandler                        0x08005c17   Thumb Code     0  startup_stm32f10x_hd.o(.text)
    TIM1_BRK_IRQHandler                      0x08005c17   Thumb Code     0  startup_stm32f10x_hd.o(.text)
    TIM1_CC_IRQHandler                       0x08005c17   Thumb Code     0  startup_stm32f10x_hd.o(.text)
    TIM1_TRG_COM_IRQHandler                  0x08005c17   Thumb Code     0  startup_stm32f10x_hd.o(.text)
    TIM1_UP_IRQHandler                       0x08005c17   Thumb Code     0  startup_stm32f10x_hd.o(.text)
    TIM2_IRQHandler                          0x08005c17   Thumb Code     0  startup_stm32f10x_hd.o(.text)
    TIM4_IRQHandler                          0x08005c17   Thumb Code     0  startup_stm32f10x_hd.o(.text)
    TIM5_IRQHandler                          0x08005c17   Thumb Code     0  startup_stm32f10x_hd.o(.text)
    TIM6_IRQHandler                          0x08005c17   Thumb Code     0  startup_stm32f10x_hd.o(.text)
    TIM7_IRQHandler                          0x08005c17   Thumb Code     0  startup_stm32f10x_hd.o(.text)
    TIM8_BRK_IRQHandler                      0x08005c17   Thumb Code     0  startup_stm32f10x_hd.o(.text)
    TIM8_CC_IRQHandler                       0x08005c17   Thumb Code     0  startup_stm32f10x_hd.o(.text)
    TIM8_TRG_COM_IRQHandler                  0x08005c17   Thumb Code     0  startup_stm32f10x_hd.o(.text)
    TIM8_UP_IRQHandler                       0x08005c17   Thumb Code     0  startup_stm32f10x_hd.o(.text)
    UART4_IRQHandler                         0x08005c17   Thumb Code     0  startup_stm32f10x_hd.o(.text)
    UART5_IRQHandler                         0x08005c17   Thumb Code     0  startup_stm32f10x_hd.o(.text)
    USART2_IRQHandler                        0x08005c17   Thumb Code     0  startup_stm32f10x_hd.o(.text)
    USART3_IRQHandler                        0x08005c17   Thumb Code     0  startup_stm32f10x_hd.o(.text)
    USBWakeUp_IRQHandler                     0x08005c17   Thumb Code     0  startup_stm32f10x_hd.o(.text)
    USB_HP_CAN1_TX_IRQHandler                0x08005c17   Thumb Code     0  startup_stm32f10x_hd.o(.text)
    USB_LP_CAN1_RX0_IRQHandler               0x08005c17   Thumb Code     0  startup_stm32f10x_hd.o(.text)
    WWDG_IRQHandler                          0x08005c17   Thumb Code     0  startup_stm32f10x_hd.o(.text)
    __user_initial_stackheap                 0x08005c19   Thumb Code     0  startup_stm32f10x_hd.o(.text)
    NVIC_PriorityGroupConfig                 0x08005c3d   Thumb Code    10  misc.o(.text)
    NVIC_Init                                0x08005c47   Thumb Code   100  misc.o(.text)
    NVIC_SetVectorTable                      0x08005cab   Thumb Code    14  misc.o(.text)
    NVIC_SystemLPConfig                      0x08005cb9   Thumb Code    34  misc.o(.text)
    SysTick_CLKSourceConfig                  0x08005cdb   Thumb Code    40  misc.o(.text)
    FSMC_NORSRAMDeInit                       0x08005d19   Thumb Code    54  stm32f10x_fsmc.o(.text)
    FSMC_NANDDeInit                          0x08005d4f   Thumb Code    62  stm32f10x_fsmc.o(.text)
    FSMC_PCCARDDeInit                        0x08005d8d   Thumb Code    36  stm32f10x_fsmc.o(.text)
    FSMC_NORSRAMInit                         0x08005db1   Thumb Code   230  stm32f10x_fsmc.o(.text)
    FSMC_NANDInit                            0x08005e97   Thumb Code   132  stm32f10x_fsmc.o(.text)
    FSMC_PCCARDInit                          0x08005f1b   Thumb Code   130  stm32f10x_fsmc.o(.text)
    FSMC_NORSRAMStructInit                   0x08005f9d   Thumb Code   114  stm32f10x_fsmc.o(.text)
    FSMC_NANDStructInit                      0x0800600f   Thumb Code    54  stm32f10x_fsmc.o(.text)
    FSMC_PCCARDStructInit                    0x08006045   Thumb Code    60  stm32f10x_fsmc.o(.text)
    FSMC_NORSRAMCmd                          0x08006081   Thumb Code    46  stm32f10x_fsmc.o(.text)
    FSMC_NANDCmd                             0x080060af   Thumb Code    86  stm32f10x_fsmc.o(.text)
    FSMC_PCCARDCmd                           0x08006105   Thumb Code    44  stm32f10x_fsmc.o(.text)
    FSMC_NANDECCCmd                          0x08006131   Thumb Code    90  stm32f10x_fsmc.o(.text)
    FSMC_GetECC                              0x0800618b   Thumb Code    24  stm32f10x_fsmc.o(.text)
    FSMC_ITConfig                            0x080061a3   Thumb Code   128  stm32f10x_fsmc.o(.text)
    FSMC_GetFlagStatus                       0x08006223   Thumb Code    54  stm32f10x_fsmc.o(.text)
    FSMC_ClearFlag                           0x08006259   Thumb Code    62  stm32f10x_fsmc.o(.text)
    FSMC_GetITStatus                         0x08006297   Thumb Code    64  stm32f10x_fsmc.o(.text)
    FSMC_ClearITPendingBit                   0x080062d7   Thumb Code    68  stm32f10x_fsmc.o(.text)
    GPIO_DeInit                              0x08006325   Thumb Code   172  stm32f10x_gpio.o(.text)
    GPIO_AFIODeInit                          0x080063d1   Thumb Code    20  stm32f10x_gpio.o(.text)
    GPIO_Init                                0x080063e5   Thumb Code   278  stm32f10x_gpio.o(.text)
    GPIO_StructInit                          0x080064fb   Thumb Code    16  stm32f10x_gpio.o(.text)
    GPIO_ReadInputDataBit                    0x0800650b   Thumb Code    18  stm32f10x_gpio.o(.text)
    GPIO_ReadInputData                       0x0800651d   Thumb Code     8  stm32f10x_gpio.o(.text)
    GPIO_ReadOutputDataBit                   0x08006525   Thumb Code    18  stm32f10x_gpio.o(.text)
    GPIO_ReadOutputData                      0x08006537   Thumb Code     8  stm32f10x_gpio.o(.text)
    GPIO_SetBits                             0x0800653f   Thumb Code     4  stm32f10x_gpio.o(.text)
    GPIO_ResetBits                           0x08006543   Thumb Code     4  stm32f10x_gpio.o(.text)
    GPIO_WriteBit                            0x08006547   Thumb Code    10  stm32f10x_gpio.o(.text)
    GPIO_Write                               0x08006551   Thumb Code     4  stm32f10x_gpio.o(.text)
    GPIO_PinLockConfig                       0x08006555   Thumb Code    18  stm32f10x_gpio.o(.text)
    GPIO_EventOutputConfig                   0x08006567   Thumb Code    26  stm32f10x_gpio.o(.text)
    GPIO_EventOutputCmd                      0x08006581   Thumb Code     6  stm32f10x_gpio.o(.text)
    GPIO_PinRemapConfig                      0x08006587   Thumb Code   138  stm32f10x_gpio.o(.text)
    GPIO_EXTILineConfig                      0x08006611   Thumb Code    66  stm32f10x_gpio.o(.text)
    GPIO_ETH_MediaInterfaceConfig            0x08006653   Thumb Code     8  stm32f10x_gpio.o(.text)
    RCC_DeInit                               0x08006681   Thumb Code    64  stm32f10x_rcc.o(.text)
    RCC_HSEConfig                            0x080066c1   Thumb Code    70  stm32f10x_rcc.o(.text)
    RCC_GetFlagStatus                        0x08006707   Thumb Code    56  stm32f10x_rcc.o(.text)
    RCC_WaitForHSEStartUp                    0x0800673f   Thumb Code    56  stm32f10x_rcc.o(.text)
    RCC_AdjustHSICalibrationValue            0x08006777   Thumb Code    20  stm32f10x_rcc.o(.text)
    RCC_HSICmd                               0x0800678b   Thumb Code     6  stm32f10x_rcc.o(.text)
    RCC_PLLConfig                            0x08006791   Thumb Code    24  stm32f10x_rcc.o(.text)
    RCC_PLLCmd                               0x080067a9   Thumb Code     6  stm32f10x_rcc.o(.text)
    RCC_SYSCLKConfig                         0x080067af   Thumb Code    18  stm32f10x_rcc.o(.text)
    RCC_GetSYSCLKSource                      0x080067c1   Thumb Code    10  stm32f10x_rcc.o(.text)
    RCC_HCLKConfig                           0x080067cb   Thumb Code    18  stm32f10x_rcc.o(.text)
    RCC_PCLK1Config                          0x080067dd   Thumb Code    18  stm32f10x_rcc.o(.text)
    RCC_PCLK2Config                          0x080067ef   Thumb Code    20  stm32f10x_rcc.o(.text)
    RCC_ITConfig                             0x08006803   Thumb Code    26  stm32f10x_rcc.o(.text)
    RCC_USBCLKConfig                         0x0800681d   Thumb Code     8  stm32f10x_rcc.o(.text)
    RCC_ADCCLKConfig                         0x08006825   Thumb Code    18  stm32f10x_rcc.o(.text)
    RCC_LSEConfig                            0x08006837   Thumb Code    50  stm32f10x_rcc.o(.text)
    RCC_LSICmd                               0x08006869   Thumb Code     6  stm32f10x_rcc.o(.text)
    RCC_RTCCLKConfig                         0x0800686f   Thumb Code    12  stm32f10x_rcc.o(.text)
    RCC_RTCCLKCmd                            0x0800687b   Thumb Code     8  stm32f10x_rcc.o(.text)
    RCC_GetClocksFreq                        0x08006883   Thumb Code   192  stm32f10x_rcc.o(.text)
    RCC_AHBPeriphClockCmd                    0x08006943   Thumb Code    26  stm32f10x_rcc.o(.text)
    RCC_APB2PeriphClockCmd                   0x0800695d   Thumb Code    26  stm32f10x_rcc.o(.text)
    RCC_APB1PeriphClockCmd                   0x08006977   Thumb Code    26  stm32f10x_rcc.o(.text)
    RCC_APB2PeriphResetCmd                   0x08006991   Thumb Code    26  stm32f10x_rcc.o(.text)
    RCC_APB1PeriphResetCmd                   0x080069ab   Thumb Code    26  stm32f10x_rcc.o(.text)
    RCC_BackupResetCmd                       0x080069c5   Thumb Code     8  stm32f10x_rcc.o(.text)
    RCC_ClockSecuritySystemCmd               0x080069cd   Thumb Code     6  stm32f10x_rcc.o(.text)
    RCC_MCOConfig                            0x080069d3   Thumb Code     6  stm32f10x_rcc.o(.text)
    RCC_ClearFlag                            0x080069d9   Thumb Code    14  stm32f10x_rcc.o(.text)
    RCC_GetITStatus                          0x080069e7   Thumb Code    20  stm32f10x_rcc.o(.text)
    RCC_ClearITPendingBit                    0x080069fb   Thumb Code     6  stm32f10x_rcc.o(.text)
    USART_DeInit                             0x08006a25   Thumb Code   134  stm32f10x_usart.o(.text)
    USART_Init                               0x08006aab   Thumb Code   210  stm32f10x_usart.o(.text)
    USART_StructInit                         0x08006b7d   Thumb Code    24  stm32f10x_usart.o(.text)
    USART_ClockInit                          0x08006b95   Thumb Code    34  stm32f10x_usart.o(.text)
    USART_ClockStructInit                    0x08006bb7   Thumb Code    12  stm32f10x_usart.o(.text)
    USART_Cmd                                0x08006bc3   Thumb Code    24  stm32f10x_usart.o(.text)
    USART_ITConfig                           0x08006bdb   Thumb Code    74  stm32f10x_usart.o(.text)
    USART_DMACmd                             0x08006c25   Thumb Code    18  stm32f10x_usart.o(.text)
    USART_SetAddress                         0x08006c37   Thumb Code    18  stm32f10x_usart.o(.text)
    USART_WakeUpConfig                       0x08006c49   Thumb Code    18  stm32f10x_usart.o(.text)
    USART_ReceiverWakeUpCmd                  0x08006c5b   Thumb Code    24  stm32f10x_usart.o(.text)
    USART_LINBreakDetectLengthConfig         0x08006c73   Thumb Code    18  stm32f10x_usart.o(.text)
    USART_LINCmd                             0x08006c85   Thumb Code    24  stm32f10x_usart.o(.text)
    USART_SendData                           0x08006c9d   Thumb Code     8  stm32f10x_usart.o(.text)
    USART_ReceiveData                        0x08006ca5   Thumb Code    10  stm32f10x_usart.o(.text)
    USART_SendBreak                          0x08006caf   Thumb Code    10  stm32f10x_usart.o(.text)
    USART_SetGuardTime                       0x08006cb9   Thumb Code    16  stm32f10x_usart.o(.text)
    USART_SetPrescaler                       0x08006cc9   Thumb Code    16  stm32f10x_usart.o(.text)
    USART_SmartCardCmd                       0x08006cd9   Thumb Code    24  stm32f10x_usart.o(.text)
    USART_SmartCardNACKCmd                   0x08006cf1   Thumb Code    24  stm32f10x_usart.o(.text)
    USART_HalfDuplexCmd                      0x08006d09   Thumb Code    24  stm32f10x_usart.o(.text)
    USART_OverSampling8Cmd                   0x08006d21   Thumb Code    22  stm32f10x_usart.o(.text)
    USART_OneBitMethodCmd                    0x08006d37   Thumb Code    24  stm32f10x_usart.o(.text)
    USART_IrDAConfig                         0x08006d4f   Thumb Code    18  stm32f10x_usart.o(.text)
    USART_IrDACmd                            0x08006d61   Thumb Code    24  stm32f10x_usart.o(.text)
    USART_GetFlagStatus                      0x08006d79   Thumb Code    26  stm32f10x_usart.o(.text)
    USART_ClearFlag                          0x08006d93   Thumb Code    18  stm32f10x_usart.o(.text)
    USART_GetITStatus                        0x08006da5   Thumb Code    84  stm32f10x_usart.o(.text)
    USART_ClearITPendingBit                  0x08006df9   Thumb Code    52  stm32f10x_usart.o(.text)
    TIM_DeInit                               0x08006e2d   Thumb Code   424  stm32f10x_tim.o(.text)
    TIM_TimeBaseInit                         0x08006fd5   Thumb Code   122  stm32f10x_tim.o(.text)
    TIM_OC1Init                              0x0800704f   Thumb Code   132  stm32f10x_tim.o(.text)
    TIM_OC2Init                              0x080070d3   Thumb Code   154  stm32f10x_tim.o(.text)
    TIM_OC3Init                              0x0800716d   Thumb Code   150  stm32f10x_tim.o(.text)
    TIM_OC4Init                              0x08007203   Thumb Code   182  stm32f10x_tim.o(.text)
    TIM_SetIC4Prescaler                      0x080072b9   Thumb Code    26  stm32f10x_tim.o(.text)
    TIM_SetIC3Prescaler                      0x08007355   Thumb Code    18  stm32f10x_tim.o(.text)
    TIM_SetIC2Prescaler                      0x080073e1   Thumb Code    26  stm32f10x_tim.o(.text)
    TIM_SetIC1Prescaler                      0x0800747d   Thumb Code    18  stm32f10x_tim.o(.text)
    TIM_ICInit                               0x080074fb   Thumb Code   150  stm32f10x_tim.o(.text)
    TIM_PWMIConfig                           0x08007591   Thumb Code   124  stm32f10x_tim.o(.text)
    TIM_BDTRConfig                           0x0800760d   Thumb Code    32  stm32f10x_tim.o(.text)
    TIM_TimeBaseStructInit                   0x0800762d   Thumb Code    18  stm32f10x_tim.o(.text)
    TIM_OCStructInit                         0x0800763f   Thumb Code    20  stm32f10x_tim.o(.text)
    TIM_ICStructInit                         0x08007653   Thumb Code    18  stm32f10x_tim.o(.text)
    TIM_BDTRStructInit                       0x08007665   Thumb Code    40  stm32f10x_tim.o(.text)
    TIM_Cmd                                  0x0800768d   Thumb Code    24  stm32f10x_tim.o(.text)
    TIM_CtrlPWMOutputs                       0x080076a5   Thumb Code    30  stm32f10x_tim.o(.text)
    TIM_ITConfig                             0x080076c3   Thumb Code    18  stm32f10x_tim.o(.text)
    TIM_GenerateEvent                        0x080076d5   Thumb Code     4  stm32f10x_tim.o(.text)
    TIM_DMAConfig                            0x080076d9   Thumb Code    10  stm32f10x_tim.o(.text)
    TIM_DMACmd                               0x080076e3   Thumb Code    18  stm32f10x_tim.o(.text)
    TIM_InternalClockConfig                  0x080076f5   Thumb Code    12  stm32f10x_tim.o(.text)
    TIM_SelectInputTrigger                   0x08007701   Thumb Code    18  stm32f10x_tim.o(.text)
    TIM_ITRxExternalClockConfig              0x08007713   Thumb Code    24  stm32f10x_tim.o(.text)
    TIM_TIxExternalClockConfig               0x0800772b   Thumb Code    62  stm32f10x_tim.o(.text)
    TIM_ETRConfig                            0x08007769   Thumb Code    28  stm32f10x_tim.o(.text)
    TIM_ETRClockMode1Config                  0x08007785   Thumb Code    54  stm32f10x_tim.o(.text)
    TIM_ETRClockMode2Config                  0x080077bb   Thumb Code    32  stm32f10x_tim.o(.text)
    TIM_PrescalerConfig                      0x080077db   Thumb Code     6  stm32f10x_tim.o(.text)
    TIM_CounterModeConfig                    0x080077e1   Thumb Code    18  stm32f10x_tim.o(.text)
    TIM_EncoderInterfaceConfig               0x080077f3   Thumb Code    66  stm32f10x_tim.o(.text)
    TIM_ForcedOC1Config                      0x08007835   Thumb Code    18  stm32f10x_tim.o(.text)
    TIM_ForcedOC2Config                      0x08007847   Thumb Code    26  stm32f10x_tim.o(.text)
    TIM_ForcedOC3Config                      0x08007861   Thumb Code    18  stm32f10x_tim.o(.text)
    TIM_ForcedOC4Config                      0x08007873   Thumb Code    26  stm32f10x_tim.o(.text)
    TIM_ARRPreloadConfig                     0x0800788d   Thumb Code    24  stm32f10x_tim.o(.text)
    TIM_SelectCOM                            0x080078a5   Thumb Code    24  stm32f10x_tim.o(.text)
    TIM_SelectCCDMA                          0x080078bd   Thumb Code    24  stm32f10x_tim.o(.text)
    TIM_CCPreloadControl                     0x080078d5   Thumb Code    24  stm32f10x_tim.o(.text)
    TIM_OC1PreloadConfig                     0x080078ed   Thumb Code    18  stm32f10x_tim.o(.text)
    TIM_OC2PreloadConfig                     0x080078ff   Thumb Code    26  stm32f10x_tim.o(.text)
    TIM_OC3PreloadConfig                     0x08007919   Thumb Code    18  stm32f10x_tim.o(.text)
    TIM_OC4PreloadConfig                     0x0800792b   Thumb Code    26  stm32f10x_tim.o(.text)
    TIM_OC1FastConfig                        0x08007945   Thumb Code    18  stm32f10x_tim.o(.text)
    TIM_OC2FastConfig                        0x08007957   Thumb Code    26  stm32f10x_tim.o(.text)
    TIM_OC3FastConfig                        0x08007971   Thumb Code    18  stm32f10x_tim.o(.text)
    TIM_OC4FastConfig                        0x08007983   Thumb Code    26  stm32f10x_tim.o(.text)
    TIM_ClearOC1Ref                          0x0800799d   Thumb Code    18  stm32f10x_tim.o(.text)
    TIM_ClearOC2Ref                          0x080079af   Thumb Code    24  stm32f10x_tim.o(.text)
    TIM_ClearOC3Ref                          0x080079c7   Thumb Code    18  stm32f10x_tim.o(.text)
    TIM_ClearOC4Ref                          0x080079d9   Thumb Code    24  stm32f10x_tim.o(.text)
    TIM_OC1PolarityConfig                    0x080079f1   Thumb Code    18  stm32f10x_tim.o(.text)
    TIM_OC1NPolarityConfig                   0x08007a03   Thumb Code    18  stm32f10x_tim.o(.text)
    TIM_OC2PolarityConfig                    0x08007a15   Thumb Code    26  stm32f10x_tim.o(.text)
    TIM_OC2NPolarityConfig                   0x08007a2f   Thumb Code    26  stm32f10x_tim.o(.text)
    TIM_OC3PolarityConfig                    0x08007a49   Thumb Code    26  stm32f10x_tim.o(.text)
    TIM_OC3NPolarityConfig                   0x08007a63   Thumb Code    26  stm32f10x_tim.o(.text)
    TIM_OC4PolarityConfig                    0x08007a7d   Thumb Code    26  stm32f10x_tim.o(.text)
    TIM_CCxCmd                               0x08007a97   Thumb Code    30  stm32f10x_tim.o(.text)
    TIM_CCxNCmd                              0x08007ab5   Thumb Code    30  stm32f10x_tim.o(.text)
    TIM_SelectOCxM                           0x08007ad3   Thumb Code    82  stm32f10x_tim.o(.text)
    TIM_UpdateDisableConfig                  0x08007b25   Thumb Code    24  stm32f10x_tim.o(.text)
    TIM_UpdateRequestConfig                  0x08007b3d   Thumb Code    24  stm32f10x_tim.o(.text)
    TIM_SelectHallSensor                     0x08007b55   Thumb Code    24  stm32f10x_tim.o(.text)
    TIM_SelectOnePulseMode                   0x08007b6d   Thumb Code    18  stm32f10x_tim.o(.text)
    TIM_SelectOutputTrigger                  0x08007b7f   Thumb Code    18  stm32f10x_tim.o(.text)
    TIM_SelectSlaveMode                      0x08007b91   Thumb Code    18  stm32f10x_tim.o(.text)
    TIM_SelectMasterSlaveMode                0x08007ba3   Thumb Code    18  stm32f10x_tim.o(.text)
    TIM_SetCounter                           0x08007bb5   Thumb Code     4  stm32f10x_tim.o(.text)
    TIM_SetAutoreload                        0x08007bb9   Thumb Code     4  stm32f10x_tim.o(.text)
    TIM_SetCompare1                          0x08007bbd   Thumb Code     4  stm32f10x_tim.o(.text)
    TIM_SetCompare2                          0x08007bc1   Thumb Code     4  stm32f10x_tim.o(.text)
    TIM_SetCompare3                          0x08007bc5   Thumb Code     4  stm32f10x_tim.o(.text)
    TIM_SetCompare4                          0x08007bc9   Thumb Code     6  stm32f10x_tim.o(.text)
    TIM_SetClockDivision                     0x08007bcf   Thumb Code    18  stm32f10x_tim.o(.text)
    TIM_GetCapture1                          0x08007be1   Thumb Code     6  stm32f10x_tim.o(.text)
    TIM_GetCapture2                          0x08007be7   Thumb Code     6  stm32f10x_tim.o(.text)
    TIM_GetCapture3                          0x08007bed   Thumb Code     6  stm32f10x_tim.o(.text)
    TIM_GetCapture4                          0x08007bf3   Thumb Code     8  stm32f10x_tim.o(.text)
    TIM_GetCounter                           0x08007bfb   Thumb Code     6  stm32f10x_tim.o(.text)
    TIM_GetPrescaler                         0x08007c01   Thumb Code     6  stm32f10x_tim.o(.text)
    TIM_GetFlagStatus                        0x08007c07   Thumb Code    18  stm32f10x_tim.o(.text)
    TIM_ClearFlag                            0x08007c19   Thumb Code     6  stm32f10x_tim.o(.text)
    TIM_GetITStatus                          0x08007c1f   Thumb Code    34  stm32f10x_tim.o(.text)
    TIM_ClearITPendingBit                    0x08007c41   Thumb Code     6  stm32f10x_tim.o(.text)
    ADC_DeInit                               0x08007c49   Thumb Code    78  stm32f10x_adc.o(.text)
    ADC_Init                                 0x08007c97   Thumb Code    70  stm32f10x_adc.o(.text)
    ADC_StructInit                           0x08007cdd   Thumb Code    18  stm32f10x_adc.o(.text)
    ADC_Cmd                                  0x08007cef   Thumb Code    22  stm32f10x_adc.o(.text)
    ADC_DMACmd                               0x08007d05   Thumb Code    22  stm32f10x_adc.o(.text)
    ADC_ITConfig                             0x08007d1b   Thumb Code    24  stm32f10x_adc.o(.text)
    ADC_ResetCalibration                     0x08007d33   Thumb Code    10  stm32f10x_adc.o(.text)
    ADC_GetResetCalibrationStatus            0x08007d3d   Thumb Code    20  stm32f10x_adc.o(.text)
    ADC_StartCalibration                     0x08007d51   Thumb Code    10  stm32f10x_adc.o(.text)
    ADC_GetCalibrationStatus                 0x08007d5b   Thumb Code    20  stm32f10x_adc.o(.text)
    ADC_SoftwareStartConvCmd                 0x08007d6f   Thumb Code    22  stm32f10x_adc.o(.text)
    ADC_GetSoftwareStartConvStatus           0x08007d85   Thumb Code    20  stm32f10x_adc.o(.text)
    ADC_DiscModeChannelCountConfig           0x08007d99   Thumb Code    24  stm32f10x_adc.o(.text)
    ADC_DiscModeCmd                          0x08007db1   Thumb Code    22  stm32f10x_adc.o(.text)
    ADC_RegularChannelConfig                 0x08007dc7   Thumb Code   184  stm32f10x_adc.o(.text)
    ADC_ExternalTrigConvCmd                  0x08007e7f   Thumb Code    22  stm32f10x_adc.o(.text)
    ADC_GetConversionValue                   0x08007e95   Thumb Code     8  stm32f10x_adc.o(.text)
    ADC_GetDualModeConversionValue           0x08007e9d   Thumb Code     8  stm32f10x_adc.o(.text)
    ADC_AutoInjectedConvCmd                  0x08007ea5   Thumb Code    22  stm32f10x_adc.o(.text)
    ADC_InjectedDiscModeCmd                  0x08007ebb   Thumb Code    22  stm32f10x_adc.o(.text)
    ADC_ExternalTrigInjectedConvConfig       0x08007ed1   Thumb Code    16  stm32f10x_adc.o(.text)
    ADC_ExternalTrigInjectedConvCmd          0x08007ee1   Thumb Code    22  stm32f10x_adc.o(.text)
    ADC_SoftwareStartInjectedConvCmd         0x08007ef7   Thumb Code    22  stm32f10x_adc.o(.text)
    ADC_GetSoftwareStartInjectedConvCmdStatus 0x08007f0d   Thumb Code    20  stm32f10x_adc.o(.text)
    ADC_InjectedChannelConfig                0x08007f21   Thumb Code   130  stm32f10x_adc.o(.text)
    ADC_InjectedSequencerLengthConfig        0x08007fa3   Thumb Code    24  stm32f10x_adc.o(.text)
    ADC_SetInjectedOffset                    0x08007fbb   Thumb Code    20  stm32f10x_adc.o(.text)
    ADC_GetInjectedConversionValue           0x08007fcf   Thumb Code    28  stm32f10x_adc.o(.text)
    ADC_AnalogWatchdogCmd                    0x08007feb   Thumb Code    16  stm32f10x_adc.o(.text)
    ADC_AnalogWatchdogThresholdsConfig       0x08007ffb   Thumb Code     6  stm32f10x_adc.o(.text)
    ADC_AnalogWatchdogSingleChannelConfig    0x08008001   Thumb Code    16  stm32f10x_adc.o(.text)
    ADC_TempSensorVrefintCmd                 0x08008011   Thumb Code    64  stm32f10x_adc.o(.text)
    ADC_GetFlagStatus                        0x08008051   Thumb Code    18  stm32f10x_adc.o(.text)
    ADC_ClearFlag                            0x08008063   Thumb Code     6  stm32f10x_adc.o(.text)
    ADC_GetITStatus                          0x08008069   Thumb Code    36  stm32f10x_adc.o(.text)
    ADC_ClearITPendingBit                    0x0800808d   Thumb Code    10  stm32f10x_adc.o(.text)
    DAC_DeInit                               0x08008099   Thumb Code    22  stm32f10x_dac.o(.text)
    DAC_Init                                 0x080080af   Thumb Code    46  stm32f10x_dac.o(.text)
    DAC_StructInit                           0x080080dd   Thumb Code    12  stm32f10x_dac.o(.text)
    DAC_Cmd                                  0x080080e9   Thumb Code    34  stm32f10x_dac.o(.text)
    DAC_DMACmd                               0x0800810b   Thumb Code    38  stm32f10x_dac.o(.text)
    DAC_SoftwareTriggerCmd                   0x08008131   Thumb Code    48  stm32f10x_dac.o(.text)
    DAC_DualSoftwareTriggerCmd               0x08008161   Thumb Code    38  stm32f10x_dac.o(.text)
    DAC_WaveGenerationCmd                    0x08008187   Thumb Code    36  stm32f10x_dac.o(.text)
    DAC_SetChannel1Data                      0x080081ab   Thumb Code    26  stm32f10x_dac.o(.text)
    DAC_SetChannel2Data                      0x080081c5   Thumb Code    26  stm32f10x_dac.o(.text)
    DAC_SetDualChannelData                   0x080081df   Thumb Code    32  stm32f10x_dac.o(.text)
    DAC_GetDataOutputValue                   0x080081ff   Thumb Code    32  stm32f10x_dac.o(.text)
    __use_no_semihosting                     0x08008225   Thumb Code     2  use_no_semi_2.o(.text)
    __2printf                                0x08008229   Thumb Code    20  noretval__2printf.o(.text)
    __2sprintf                               0x08008241   Thumb Code    34  noretval__2sprintf.o(.text)
    _printf_pre_padding                      0x08008269   Thumb Code    44  _printf_pad.o(.text)
    _printf_post_padding                     0x08008295   Thumb Code    34  _printf_pad.o(.text)
    _printf_int_hex                          0x080082b9   Thumb Code    84  _printf_hex_int.o(.text)
    _printf_longlong_hex                     0x080082b9   Thumb Code     0  _printf_hex_int.o(.text)
    __printf                                 0x08008311   Thumb Code   308  __printf_flags_wp.o(.text)
    __use_two_region_memory                  0x08008449   Thumb Code     2  heapauxi.o(.text)
    __rt_heap_escrow$2region                 0x0800844b   Thumb Code     2  heapauxi.o(.text)
    __rt_heap_expand$2region                 0x0800844d   Thumb Code     2  heapauxi.o(.text)
    __I$use$semihosting                      0x0800844f   Thumb Code     0  use_no_semi.o(.text)
    __use_no_semihosting_swi                 0x0800844f   Thumb Code     2  use_no_semi.o(.text)
    __read_errno                             0x08008451   Thumb Code    10  _rserrno.o(.text)
    __set_errno                              0x0800845b   Thumb Code    12  _rserrno.o(.text)
    _printf_int_common                       0x08008467   Thumb Code   178  _printf_intcommon.o(.text)
    _printf_char_common                      0x08008523   Thumb Code    32  _printf_char_common.o(.text)
    _sputc                                   0x08008549   Thumb Code    10  _sputc.o(.text)
    _printf_char_file                        0x08008555   Thumb Code    32  _printf_char_file.o(.text)
    __aeabi_errno_addr                       0x08008579   Thumb Code     8  rt_errno_addr_intlibspace.o(.text)
    __errno$intlibspace                      0x08008579   Thumb Code     0  rt_errno_addr_intlibspace.o(.text)
    __rt_errno_addr$intlibspace              0x08008579   Thumb Code     0  rt_errno_addr_intlibspace.o(.text)
    ferror                                   0x08008581   Thumb Code     8  ferror.o(.text)
    __user_libspace                          0x08008589   Thumb Code     8  libspace.o(.text)
    __user_perproc_libspace                  0x08008589   Thumb Code     0  libspace.o(.text)
    __user_perthread_libspace                0x08008589   Thumb Code     0  libspace.o(.text)
    __user_setup_stackheap                   0x08008591   Thumb Code    74  sys_stackheap_outer.o(.text)
    exit                                     0x080085db   Thumb Code    18  exit.o(.text)
    __ARM_fpclassify                         0x080085ed   Thumb Code    40  fpclassify.o(i.__ARM_fpclassify)
    __ieee754_rem_pio2                       0x08008615   Thumb Code   828  rred.o(i.__ieee754_rem_pio2)
    __kernel_cos                             0x0800899d   Thumb Code   230  cos_i.o(i.__kernel_cos)
    __kernel_poly                            0x08008a99   Thumb Code   170  poly.o(i.__kernel_poly)
    __kernel_sin                             0x08008b45   Thumb Code   224  sin_i.o(i.__kernel_sin)
    __mathlib_dbl_infnan                     0x08008c31   Thumb Code     6  dunder.o(i.__mathlib_dbl_infnan)
    __mathlib_dbl_invalid                    0x08008c37   Thumb Code    12  dunder.o(i.__mathlib_dbl_invalid)
    __mathlib_dbl_underflow                  0x08008c45   Thumb Code    10  dunder.o(i.__mathlib_dbl_underflow)
    _is_digit                                0x08008c55   Thumb Code    14  __printf_wp.o(i._is_digit)
    sin                                      0x08008c65   Thumb Code   150  sin.o(i.sin)
    __aeabi_d2f                              0x08008d05   Thumb Code     0  d2f.o(x$fpl$d2f)
    _d2f                                     0x08008d05   Thumb Code    98  d2f.o(x$fpl$d2f)
    __aeabi_dadd                             0x08008d69   Thumb Code     0  daddsub_clz.o(x$fpl$dadd)
    _dadd                                    0x08008d69   Thumb Code   332  daddsub_clz.o(x$fpl$dadd)
    __fpl_dcheck_NaN1                        0x08008eb9   Thumb Code    10  dcheck1.o(x$fpl$dcheck1)
    __aeabi_ddiv                             0x08008ec9   Thumb Code     0  ddiv.o(x$fpl$ddiv)
    _ddiv                                    0x08008ec9   Thumb Code   552  ddiv.o(x$fpl$ddiv)
    __aeabi_d2iz                             0x08009179   Thumb Code     0  dfix.o(x$fpl$dfix)
    _dfix                                    0x08009179   Thumb Code    94  dfix.o(x$fpl$dfix)
    __aeabi_d2uiz                            0x080091d9   Thumb Code     0  dfixu.o(x$fpl$dfixu)
    _dfixu                                   0x080091d9   Thumb Code    90  dfixu.o(x$fpl$dfixu)
    __aeabi_i2d                              0x08009233   Thumb Code     0  dflt_clz.o(x$fpl$dflt)
    _dflt                                    0x08009233   Thumb Code    46  dflt_clz.o(x$fpl$dflt)
    __aeabi_ui2d                             0x08009261   Thumb Code     0  dflt_clz.o(x$fpl$dfltu)
    _dfltu                                   0x08009261   Thumb Code    38  dflt_clz.o(x$fpl$dfltu)
    __aeabi_dmul                             0x08009289   Thumb Code     0  dmul.o(x$fpl$dmul)
    _dmul                                    0x08009289   Thumb Code   332  dmul.o(x$fpl$dmul)
    __fpl_dnaninf                            0x080093dd   Thumb Code   156  dnaninf.o(x$fpl$dnaninf)
    __fpl_dretinf                            0x08009479   Thumb Code    12  dretinf.o(x$fpl$dretinf)
    __aeabi_drsub                            0x08009485   Thumb Code     0  daddsub_clz.o(x$fpl$drsb)
    _drsb                                    0x08009485   Thumb Code    22  daddsub_clz.o(x$fpl$drsb)
    __aeabi_dsub                             0x0800949d   Thumb Code     0  daddsub_clz.o(x$fpl$dsub)
    _dsub                                    0x0800949d   Thumb Code   464  daddsub_clz.o(x$fpl$dsub)
    __aeabi_f2d                              0x08009671   Thumb Code     0  f2d.o(x$fpl$f2d)
    _f2d                                     0x08009671   Thumb Code    86  f2d.o(x$fpl$f2d)
    __aeabi_fdiv                             0x080096c9   Thumb Code     0  fdiv.o(x$fpl$fdiv)
    _fdiv                                    0x080096c9   Thumb Code   384  fdiv.o(x$fpl$fdiv)
    __aeabi_f2uiz                            0x0800984d   Thumb Code     0  ffixu.o(x$fpl$ffixu)
    _ffixu                                   0x0800984d   Thumb Code    62  ffixu.o(x$fpl$ffixu)
    __aeabi_ui2f                             0x0800988d   Thumb Code     0  fflt_clz.o(x$fpl$ffltu)
    _ffltu                                   0x0800988d   Thumb Code    38  fflt_clz.o(x$fpl$ffltu)
    __aeabi_fmul                             0x080098b5   Thumb Code     0  fmul.o(x$fpl$fmul)
    _fmul                                    0x080098b5   Thumb Code   258  fmul.o(x$fpl$fmul)
    __fpl_fnaninf                            0x080099b7   Thumb Code   140  fnaninf.o(x$fpl$fnaninf)
    __fpl_fretinf                            0x08009a43   Thumb Code    10  fretinf.o(x$fpl$fretinf)
    __fpl_return_NaN                         0x08009a4d   Thumb Code   100  retnan.o(x$fpl$retnan)
    __ARM_scalbn                             0x08009ab1   Thumb Code    92  scalbn.o(x$fpl$scalbn)
    __fpl_cmpreturn                          0x08009b0d   Thumb Code    48  trapv.o(x$fpl$trapveneer)
    __I$use$fp                               0x08009b3c   Number         0  usenofp.o(x$fpl$usenofp)
    asc2_1206                                0x08009b3c   Data        1140  lcd.o(.constdata)
    asc2_1608                                0x08009fb0   Data        1520  lcd.o(.constdata)
    asc2_2412                                0x0800a5a0   Data        3420  lcd.o(.constdata)
    Region$$Table$$Base                      0x0800b458   Number         0  anon$$obj.o(Region$$Table)
    Region$$Table$$Limit                     0x0800b478   Number         0  anon$$obj.o(Region$$Table)
    arr                                      0x20000000   Data           4  main.o(.data)
    SystemCoreClock                          0x20000004   Data           4  system_stm32f10x.o(.data)
    AHBPrescTable                            0x20000008   Data          16  system_stm32f10x.o(.data)
    POINT_COLOR                              0x2000001a   Data           2  lcd.o(.data)
    BACK_COLOR                               0x2000001c   Data           2  lcd.o(.data)
    Global_delay_time                        0x20000020   Data           2  timer.o(.data)
    Global_key_num                           0x20000022   Data           2  timer.o(.data)
    Global_press_time                        0x20000024   Data           2  timer.o(.data)
    last_press                               0x20000026   Data           2  timer.o(.data)
    Global_lcd_x                             0x20000028   Data           4  timer.o(.data)
    Global_lcd_y                             0x2000002c   Data           4  timer.o(.data)
    time                                     0x20000030   Data           2  timer.o(.data)
    count                                    0x20000032   Data           2  timer.o(.data)
    xdir                                     0x20000034   Data           4  timer.o(.data)
    ydir                                     0x20000038   Data           4  timer.o(.data)
    xdir_dac                                 0x2000003c   Data           4  timer.o(.data)
    ydir_dac                                 0x20000040   Data           4  timer.o(.data)
    temp                                     0x20000048   Data           8  timer.o(.data)
    counter                                  0x20000050   Data           4  timer.o(.data)
    Global_lcd_x_dac                         0x20000054   Data           4  timer.o(.data)
    Global_lcd_y_dac                         0x20000058   Data           4  timer.o(.data)
    flag                                     0x2000005c   Data           4  timer.o(.data)
    count3                                   0x20000060   Data           4  timer.o(.data)
    pwm                                      0x20000064   Data           4  timer.o(.data)
    temp_t                                   0x20000068   Data           4  timer.o(.data)
    count2                                   0x2000006c   Data           4  timer.o(.data)
    __stdout                                 0x20000074   Data           4  usart.o(.data)
    USART_RX_STA                             0x20000078   Data           2  usart.o(.data)
    temp_data                                0x2000007a   Data           4  usart.o(.data)
    lcddev                                   0x20000098   Data          14  lcd.o(.bss)
    __libspace_start                         0x200000a8   Data          96  libspace.o(.bss)
    __temporary_stack_top$libspace           0x20000108   Data           0  libspace.o(.bss)



==============================================================================

Memory Map of the image

  Image Entry point : 0x08000131

  Load Region LR_IROM1 (Base: 0x08000000, Size: 0x0000b510, Max: 0x00080000, ABSOLUTE)

    Execution Region ER_IROM1 (Base: 0x08000000, Size: 0x0000b478, Max: 0x00080000, ABSOLUTE)

    Base Addr    Size         Type   Attr      Idx    E Section Name        Object

    0x08000000   0x00000130   Data   RO          399    RESET               startup_stm32f10x_hd.o
    0x08000130   0x00000008   Code   RO          743  * !!!main             c_w.l(__main.o)
    0x08000138   0x00000034   Code   RO         1023    !!!scatter          c_w.l(__scatter.o)
    0x0800016c   0x0000001a   Code   RO         1025    !!handler_copy      c_w.l(__scatter_copy.o)
    0x08000186   0x00000002   PAD
    0x08000188   0x0000001c   Code   RO         1027    !!handler_zi        c_w.l(__scatter_zi.o)
    0x080001a4   0x00000000   Code   RO          740    .ARM.Collect$$_printf_percent$$00000000  c_w.l(_printf_percent.o)
    0x080001a4   0x00000006   Code   RO          739    .ARM.Collect$$_printf_percent$$0000000C  c_w.l(_printf_x.o)
    0x080001aa   0x00000004   Code   RO          806    .ARM.Collect$$_printf_percent$$00000017  c_w.l(_printf_percent_end.o)
    0x080001ae   0x00000002   Code   RO          894    .ARM.Collect$$libinit$$00000000  c_w.l(libinit.o)
    0x080001b0   0x00000000   Code   RO          900    .ARM.Collect$$libinit$$00000002  c_w.l(libinit2.o)
    0x080001b0   0x00000000   Code   RO          902    .ARM.Collect$$libinit$$00000004  c_w.l(libinit2.o)
    0x080001b0   0x00000000   Code   RO          905    .ARM.Collect$$libinit$$0000000A  c_w.l(libinit2.o)
    0x080001b0   0x00000000   Code   RO          907    .ARM.Collect$$libinit$$0000000C  c_w.l(libinit2.o)
    0x080001b0   0x00000000   Code   RO          909    .ARM.Collect$$libinit$$0000000E  c_w.l(libinit2.o)
    0x080001b0   0x00000000   Code   RO          912    .ARM.Collect$$libinit$$00000011  c_w.l(libinit2.o)
    0x080001b0   0x00000000   Code   RO          914    .ARM.Collect$$libinit$$00000013  c_w.l(libinit2.o)
    0x080001b0   0x00000000   Code   RO          916    .ARM.Collect$$libinit$$00000015  c_w.l(libinit2.o)
    0x080001b0   0x00000000   Code   RO          918    .ARM.Collect$$libinit$$00000017  c_w.l(libinit2.o)
    0x080001b0   0x00000000   Code   RO          920    .ARM.Collect$$libinit$$00000019  c_w.l(libinit2.o)
    0x080001b0   0x00000000   Code   RO          922    .ARM.Collect$$libinit$$0000001B  c_w.l(libinit2.o)
    0x080001b0   0x00000000   Code   RO          924    .ARM.Collect$$libinit$$0000001D  c_w.l(libinit2.o)
    0x080001b0   0x00000000   Code   RO          926    .ARM.Collect$$libinit$$0000001F  c_w.l(libinit2.o)
    0x080001b0   0x00000000   Code   RO          928    .ARM.Collect$$libinit$$00000021  c_w.l(libinit2.o)
    0x080001b0   0x00000000   Code   RO          930    .ARM.Collect$$libinit$$00000023  c_w.l(libinit2.o)
    0x080001b0   0x00000000   Code   RO          932    .ARM.Collect$$libinit$$00000025  c_w.l(libinit2.o)
    0x080001b0   0x00000000   Code   RO          936    .ARM.Collect$$libinit$$0000002C  c_w.l(libinit2.o)
    0x080001b0   0x00000000   Code   RO          938    .ARM.Collect$$libinit$$0000002E  c_w.l(libinit2.o)
    0x080001b0   0x00000000   Code   RO          940    .ARM.Collect$$libinit$$00000030  c_w.l(libinit2.o)
    0x080001b0   0x00000000   Code   RO          942    .ARM.Collect$$libinit$$00000032  c_w.l(libinit2.o)
    0x080001b0   0x00000002   Code   RO          943    .ARM.Collect$$libinit$$00000033  c_w.l(libinit2.o)
    0x080001b2   0x00000002   Code   RO          965    .ARM.Collect$$libshutdown$$00000000  c_w.l(libshutdown.o)
    0x080001b4   0x00000000   Code   RO          975    .ARM.Collect$$libshutdown$$00000002  c_w.l(libshutdown2.o)
    0x080001b4   0x00000000   Code   RO          977    .ARM.Collect$$libshutdown$$00000004  c_w.l(libshutdown2.o)
    0x080001b4   0x00000000   Code   RO          980    .ARM.Collect$$libshutdown$$00000007  c_w.l(libshutdown2.o)
    0x080001b4   0x00000000   Code   RO          983    .ARM.Collect$$libshutdown$$0000000A  c_w.l(libshutdown2.o)
    0x080001b4   0x00000000   Code   RO          985    .ARM.Collect$$libshutdown$$0000000C  c_w.l(libshutdown2.o)
    0x080001b4   0x00000000   Code   RO          988    .ARM.Collect$$libshutdown$$0000000F  c_w.l(libshutdown2.o)
    0x080001b4   0x00000002   Code   RO          989    .ARM.Collect$$libshutdown$$00000010  c_w.l(libshutdown2.o)
    0x080001b6   0x00000000   Code   RO          795    .ARM.Collect$$rtentry$$00000000  c_w.l(__rtentry.o)
    0x080001b6   0x00000000   Code   RO          845    .ARM.Collect$$rtentry$$00000002  c_w.l(__rtentry2.o)
    0x080001b6   0x00000006   Code   RO          857    .ARM.Collect$$rtentry$$00000004  c_w.l(__rtentry4.o)
    0x080001bc   0x00000000   Code   RO          847    .ARM.Collect$$rtentry$$00000009  c_w.l(__rtentry2.o)
    0x080001bc   0x00000004   Code   RO          848    .ARM.Collect$$rtentry$$0000000A  c_w.l(__rtentry2.o)
    0x080001c0   0x00000000   Code   RO          850    .ARM.Collect$$rtentry$$0000000C  c_w.l(__rtentry2.o)
    0x080001c0   0x00000008   Code   RO          851    .ARM.Collect$$rtentry$$0000000D  c_w.l(__rtentry2.o)
    0x080001c8   0x00000002   Code   RO          897    .ARM.Collect$$rtexit$$00000000  c_w.l(rtexit.o)
    0x080001ca   0x00000000   Code   RO          947    .ARM.Collect$$rtexit$$00000002  c_w.l(rtexit2.o)
    0x080001ca   0x00000004   Code   RO          948    .ARM.Collect$$rtexit$$00000003  c_w.l(rtexit2.o)
    0x080001ce   0x00000006   Code   RO          949    .ARM.Collect$$rtexit$$00000004  c_w.l(rtexit2.o)
    0x080001d4   0x00000070   Code   RO            1    .text               main.o
    0x08000244   0x0000001a   Code   RO          147    .text               stm32f10x_it.o
    0x0800025e   0x00000002   PAD
    0x08000260   0x000001e0   Code   RO          188    .text               system_stm32f10x.o
    0x08000440   0x0000004c   Code   RO          206    .text               led.o
    0x0800048c   0x000000fc   Code   RO          218    .text               key.o
    0x08000588   0x00004a5c   Code   RO          231    .text               lcd.o
    0x08004fe4   0x00000780   Code   RO          266    .text               timer.o
    0x08005764   0x000000e8   Code   RO          308    .text               adc.o
    0x0800584c   0x0000010c   Code   RO          320    .text               dac.o
    0x08005958   0x000000d4   Code   RO          332    .text               delay.o
    0x08005a2c   0x000001d0   Code   RO          363    .text               usart.o
    0x08005bfc   0x00000040   Code   RO          400    .text               startup_stm32f10x_hd.o
    0x08005c3c   0x000000dc   Code   RO          404    .text               misc.o
    0x08005d18   0x0000060c   Code   RO          416    .text               stm32f10x_fsmc.o
    0x08006324   0x0000035c   Code   RO          428    .text               stm32f10x_gpio.o
    0x08006680   0x000003a4   Code   RO          440    .text               stm32f10x_rcc.o
    0x08006a24   0x00000408   Code   RO          454    .text               stm32f10x_usart.o
    0x08006e2c   0x00000e1a   Code   RO          466    .text               stm32f10x_tim.o
    0x08007c46   0x00000002   PAD
    0x08007c48   0x0000044e   Code   RO          490    .text               stm32f10x_adc.o
    0x08008096   0x00000002   PAD
    0x08008098   0x0000018c   Code   RO          550    .text               stm32f10x_dac.o
    0x08008224   0x00000002   Code   RO          684    .text               c_w.l(use_no_semi_2.o)
    0x08008226   0x00000002   PAD
    0x08008228   0x00000018   Code   RO          690    .text               c_w.l(noretval__2printf.o)
    0x08008240   0x00000028   Code   RO          692    .text               c_w.l(noretval__2sprintf.o)
    0x08008268   0x0000004e   Code   RO          696    .text               c_w.l(_printf_pad.o)
    0x080082b6   0x00000002   PAD
    0x080082b8   0x00000058   Code   RO          701    .text               c_w.l(_printf_hex_int.o)
    0x08008310   0x00000138   Code   RO          731    .text               c_w.l(__printf_flags_wp.o)
    0x08008448   0x00000006   Code   RO          741    .text               c_w.l(heapauxi.o)
    0x0800844e   0x00000002   Code   RO          793    .text               c_w.l(use_no_semi.o)
    0x08008450   0x00000016   Code   RO          796    .text               c_w.l(_rserrno.o)
    0x08008466   0x000000b2   Code   RO          798    .text               c_w.l(_printf_intcommon.o)
    0x08008518   0x00000030   Code   RO          800    .text               c_w.l(_printf_char_common.o)
    0x08008548   0x0000000a   Code   RO          802    .text               c_w.l(_sputc.o)
    0x08008552   0x00000002   PAD
    0x08008554   0x00000024   Code   RO          804    .text               c_w.l(_printf_char_file.o)
    0x08008578   0x00000008   Code   RO          862    .text               c_w.l(rt_errno_addr_intlibspace.o)
    0x08008580   0x00000008   Code   RO          866    .text               c_w.l(ferror.o)
    0x08008588   0x00000008   Code   RO          882    .text               c_w.l(libspace.o)
    0x08008590   0x0000004a   Code   RO          885    .text               c_w.l(sys_stackheap_outer.o)
    0x080085da   0x00000012   Code   RO          887    .text               c_w.l(exit.o)
    0x080085ec   0x00000028   Code   RO          878    i.__ARM_fpclassify  m_ws.l(fpclassify.o)
    0x08008614   0x00000388   Code   RO          833    i.__ieee754_rem_pio2  m_ws.l(rred.o)
    0x0800899c   0x000000fc   Code   RO          816    i.__kernel_cos      m_ws.l(cos_i.o)
    0x08008a98   0x000000aa   Code   RO          880    i.__kernel_poly     m_ws.l(poly.o)
    0x08008b42   0x00000002   PAD
    0x08008b44   0x000000ec   Code   RO          838    i.__kernel_sin      m_ws.l(sin_i.o)
    0x08008c30   0x00000006   Code   RO          820    i.__mathlib_dbl_infnan  m_ws.l(dunder.o)
    0x08008c36   0x0000000c   Code   RO          822    i.__mathlib_dbl_invalid  m_ws.l(dunder.o)
    0x08008c42   0x00000002   PAD
    0x08008c44   0x00000010   Code   RO          825    i.__mathlib_dbl_underflow  m_ws.l(dunder.o)
    0x08008c54   0x0000000e   Code   RO          729    i._is_digit         c_w.l(__printf_wp.o)
    0x08008c62   0x00000002   PAD
    0x08008c64   0x000000a0   Code   RO          786    i.sin               m_ws.l(sin.o)
    0x08008d04   0x00000062   Code   RO          745    x$fpl$d2f           fz_ws.l(d2f.o)
    0x08008d66   0x00000002   PAD
    0x08008d68   0x00000150   Code   RO          870    x$fpl$dadd          fz_ws.l(daddsub_clz.o)
    0x08008eb8   0x00000010   Code   RO          895    x$fpl$dcheck1       fz_ws.l(dcheck1.o)
    0x08008ec8   0x000002b0   Code   RO          748    x$fpl$ddiv          fz_ws.l(ddiv.o)
    0x08009178   0x0000005e   Code   RO          751    x$fpl$dfix          fz_ws.l(dfix.o)
    0x080091d6   0x00000002   PAD
    0x080091d8   0x0000005a   Code   RO          755    x$fpl$dfixu         fz_ws.l(dfixu.o)
    0x08009232   0x0000002e   Code   RO          760    x$fpl$dflt          fz_ws.l(dflt_clz.o)
    0x08009260   0x00000026   Code   RO          759    x$fpl$dfltu         fz_ws.l(dflt_clz.o)
    0x08009286   0x00000002   PAD
    0x08009288   0x00000154   Code   RO          765    x$fpl$dmul          fz_ws.l(dmul.o)
    0x080093dc   0x0000009c   Code   RO          807    x$fpl$dnaninf       fz_ws.l(dnaninf.o)
    0x08009478   0x0000000c   Code   RO          809    x$fpl$dretinf       fz_ws.l(dretinf.o)
    0x08009484   0x00000016   Code   RO          871    x$fpl$drsb          fz_ws.l(daddsub_clz.o)
    0x0800949a   0x00000002   PAD
    0x0800949c   0x000001d4   Code   RO          872    x$fpl$dsub          fz_ws.l(daddsub_clz.o)
    0x08009670   0x00000056   Code   RO          767    x$fpl$f2d           fz_ws.l(f2d.o)
    0x080096c6   0x00000002   PAD
    0x080096c8   0x00000184   Code   RO          770    x$fpl$fdiv          fz_ws.l(fdiv.o)
    0x0800984c   0x0000003e   Code   RO          773    x$fpl$ffixu         fz_ws.l(ffixu.o)
    0x0800988a   0x00000002   PAD
    0x0800988c   0x00000026   Code   RO          777    x$fpl$ffltu         fz_ws.l(fflt_clz.o)
    0x080098b2   0x00000002   PAD
    0x080098b4   0x00000102   Code   RO          783    x$fpl$fmul          fz_ws.l(fmul.o)
    0x080099b6   0x0000008c   Code   RO          811    x$fpl$fnaninf       fz_ws.l(fnaninf.o)
    0x08009a42   0x0000000a   Code   RO          813    x$fpl$fretinf       fz_ws.l(fretinf.o)
    0x08009a4c   0x00000064   Code   RO          944    x$fpl$retnan        fz_ws.l(retnan.o)
    0x08009ab0   0x0000005c   Code   RO          876    x$fpl$scalbn        fz_ws.l(scalbn.o)
    0x08009b0c   0x00000030   Code   RO          957    x$fpl$trapveneer    fz_ws.l(trapv.o)
    0x08009b3c   0x00000000   Code   RO          815    x$fpl$usenofp       fz_ws.l(usenofp.o)
    0x08009b3c   0x000017c0   Data   RO          233    .constdata          lcd.o
    0x0800b2fc   0x00000028   Data   RO          702    .constdata          c_w.l(_printf_hex_int.o)
    0x0800b324   0x00000011   Data   RO          732    .constdata          c_w.l(__printf_flags_wp.o)
    0x0800b335   0x00000003   PAD
    0x0800b338   0x00000030   Data   RO          817    .constdata          m_ws.l(cos_i.o)
    0x0800b368   0x000000c8   Data   RO          835    .constdata          m_ws.l(rred.o)
    0x0800b430   0x00000028   Data   RO          839    .constdata          m_ws.l(sin_i.o)
    0x0800b458   0x00000020   Data   RO         1021    Region$$Table       anon$$obj.o


    Execution Region RW_IRAM1 (Base: 0x20000000, Size: 0x00000708, Max: 0x00010000, ABSOLUTE)

    Base Addr    Size         Type   Attr      Idx    E Section Name        Object

    0x20000000   0x00000004   Data   RW            2    .data               main.o
    0x20000004   0x00000014   Data   RW          189    .data               system_stm32f10x.o
    0x20000018   0x00000001   Data   RW          219    .data               key.o
    0x20000019   0x00000001   PAD
    0x2000001a   0x00000004   Data   RW          234    .data               lcd.o
    0x2000001e   0x00000002   PAD
    0x20000020   0x00000050   Data   RW          267    .data               timer.o
    0x20000070   0x00000004   Data   RW          333    .data               delay.o
    0x20000074   0x00000010   Data   RW          365    .data               usart.o
    0x20000084   0x00000014   Data   RW          441    .data               stm32f10x_rcc.o
    0x20000098   0x0000000e   Zero   RW          232    .bss                lcd.o
    0x200000a6   0x00000002   PAD
    0x200000a8   0x00000060   Zero   RW          883    .bss                c_w.l(libspace.o)
    0x20000108   0x00000200   Zero   RW          398    HEAP                startup_stm32f10x_hd.o
    0x20000308   0x00000400   Zero   RW          397    STACK               startup_stm32f10x_hd.o


==============================================================================

Image component sizes


      Code (inc. data)   RO Data    RW Data    ZI Data      Debug   Object Name

       232          8          0          0          0       1099   adc.o
       268         14          0          0          0        990   dac.o
       212         18          0          4          0       1031   delay.o
       252         12          0          1          0        836   key.o
     19036        162       6080          4         14      22222   lcd.o
        76          8          0          0          0        491   led.o
       112         22          0          4          0     275158   main.o
       220         22          0          0          0       1789   misc.o
        64         26        304          0       1536        796   startup_stm32f10x_hd.o
      1102         26          0          0          0      11033   stm32f10x_adc.o
       396          6          0          0          0       3650   stm32f10x_dac.o
      1548         18          0          0          0       5367   stm32f10x_fsmc.o
       860         38          0          0          0       5721   stm32f10x_gpio.o
        26          0          0          0          0       1174   stm32f10x_it.o
       932         36          0         20          0       8896   stm32f10x_rcc.o
      3610         88          0          0          0      22832   stm32f10x_tim.o
      1032         22          0          0          0       8448   stm32f10x_usart.o
         0          0          0          0          0         32   sys.o
       480         38          0         20          0       1719   system_stm32f10x.o
      1920         92          0         80          0       3738   timer.o
       464         28          0         16          0       3561   usart.o

    ----------------------------------------------------------------------
     32848        684       6416        152       1552     380583   Object Totals
         0          0         32          0          0          0   (incl. Generated)
         6          0          0          3          2          0   (incl. Padding)

    ----------------------------------------------------------------------

      Code (inc. data)   RO Data    RW Data    ZI Data      Debug   Library Member Name

         8          0          0          0          0         68   __main.o
       312          4         17          0          0         92   __printf_flags_wp.o
        14          0          0          0          0         68   __printf_wp.o
         0          0          0          0          0          0   __rtentry.o
        12          0          0          0          0          0   __rtentry2.o
         6          0          0          0          0          0   __rtentry4.o
        52          8          0          0          0          0   __scatter.o
        26          0          0          0          0          0   __scatter_copy.o
        28          0          0          0          0          0   __scatter_zi.o
        48          6          0          0          0         96   _printf_char_common.o
        36          4          0          0          0         80   _printf_char_file.o
        88          4         40          0          0         88   _printf_hex_int.o
       178          0          0          0          0         88   _printf_intcommon.o
        78          0          0          0          0        108   _printf_pad.o
         0          0          0          0          0          0   _printf_percent.o
         4          0          0          0          0          0   _printf_percent_end.o
         6          0          0          0          0          0   _printf_x.o
        22          0          0          0          0        100   _rserrno.o
        10          0          0          0          0         68   _sputc.o
        18          0          0          0          0         80   exit.o
         8          0          0          0          0         68   ferror.o
         6          0          0          0          0        152   heapauxi.o
         2          0          0          0          0          0   libinit.o
         2          0          0          0          0          0   libinit2.o
         2          0          0          0          0          0   libshutdown.o
         2          0          0          0          0          0   libshutdown2.o
         8          4          0          0         96         68   libspace.o
        24          4          0          0          0         84   noretval__2printf.o
        40          6          0          0          0         84   noretval__2sprintf.o
         8          4          0          0          0         68   rt_errno_addr_intlibspace.o
         2          0          0          0          0          0   rtexit.o
        10          0          0          0          0          0   rtexit2.o
        74          0          0          0          0         80   sys_stackheap_outer.o
         2          0          0          0          0         68   use_no_semi.o
         2          0          0          0          0         68   use_no_semi_2.o
        98          4          0          0          0         92   d2f.o
       826         16          0          0          0        348   daddsub_clz.o
        16          4          0          0          0         68   dcheck1.o
       688        140          0          0          0        208   ddiv.o
        94          4          0          0          0         92   dfix.o
        90          4          0          0          0         92   dfixu.o
        84          0          0          0          0        136   dflt_clz.o
       340         12          0          0          0        104   dmul.o
       156          4          0          0          0         92   dnaninf.o
        12          0          0          0          0         68   dretinf.o
        86          4          0          0          0         84   f2d.o
       388         76          0          0          0         96   fdiv.o
        62          4          0          0          0         84   ffixu.o
        38          0          0          0          0         68   fflt_clz.o
       258          4          0          0          0         84   fmul.o
       140          4          0          0          0         84   fnaninf.o
        10          0          0          0          0         68   fretinf.o
       100          0          0          0          0         68   retnan.o
        92          0          0          0          0         68   scalbn.o
        48          0          0          0          0         68   trapv.o
         0          0          0          0          0          0   usenofp.o
       252         22         48          0          0        124   cos_i.o
        34          6          0          0          0        204   dunder.o
        40          0          0          0          0         68   fpclassify.o
       170          0          0          0          0         96   poly.o
       904         76        200          0          0        140   rred.o
       160         10          0          0          0        108   sin.o
       236         12         40          0          0        128   sin_i.o

    ----------------------------------------------------------------------
      6588        450        348          0         96       4616   Library Totals
        28          0          3          0          0          0   (incl. Padding)

    ----------------------------------------------------------------------

      Code (inc. data)   RO Data    RW Data    ZI Data      Debug   Library Name

      1138         44         57          0         96       1676   c_w.l
      3626        280          0          0          0       2072   fz_ws.l
      1796        126        288          0          0        868   m_ws.l

    ----------------------------------------------------------------------
      6588        450        348          0         96       4616   Library Totals

    ----------------------------------------------------------------------

==============================================================================


      Code (inc. data)   RO Data    RW Data    ZI Data      Debug   

     39436       1134       6764        152       1648     380879   Grand Totals
     39436       1134       6764        152       1648     380879   ELF Image Totals
     39436       1134       6764        152          0          0   ROM Totals

==============================================================================

    Total RO  Size (Code + RO Data)                46200 (  45.12kB)
    Total RW  Size (RW Data + ZI Data)              1800 (   1.76kB)
    Total ROM Size (Code + RO Data + RW Data)      46352 (  45.27kB)

==============================================================================

